TimeQuest Timing Analyzer report for BA1533_TX
Tue Jul 03 01:19:18 2018
Quartus Prime Version 15.1.0 Build 185 10/21/2015 SJ Lite Edition


---------------------
; Table of Contents ;
---------------------
  1. Legal Notice
  2. TimeQuest Timing Analyzer Summary
  3. Parallel Compilation
  4. SDC File List
  5. Clocks
  6. Slow 1200mV 85C Model Fmax Summary
  7. Slow 1200mV 85C Model Setup Summary
  8. Slow 1200mV 85C Model Hold Summary
  9. Slow 1200mV 85C Model Recovery Summary
 10. Slow 1200mV 85C Model Removal Summary
 11. Slow 1200mV 85C Model Minimum Pulse Width Summary
 12. Slow 1200mV 85C Model Metastability Summary
 13. Slow 1200mV 0C Model Fmax Summary
 14. Slow 1200mV 0C Model Setup Summary
 15. Slow 1200mV 0C Model Hold Summary
 16. Slow 1200mV 0C Model Recovery Summary
 17. Slow 1200mV 0C Model Removal Summary
 18. Slow 1200mV 0C Model Minimum Pulse Width Summary
 19. Slow 1200mV 0C Model Metastability Summary
 20. Fast 1200mV 0C Model Setup Summary
 21. Fast 1200mV 0C Model Hold Summary
 22. Fast 1200mV 0C Model Recovery Summary
 23. Fast 1200mV 0C Model Removal Summary
 24. Fast 1200mV 0C Model Minimum Pulse Width Summary
 25. Fast 1200mV 0C Model Metastability Summary
 26. Multicorner Timing Analysis Summary
 27. Board Trace Model Assignments
 28. Input Transition Times
 29. Signal Integrity Metrics (Slow 1200mv 0c Model)
 30. Signal Integrity Metrics (Slow 1200mv 85c Model)
 31. Signal Integrity Metrics (Fast 1200mv 0c Model)
 32. Setup Transfers
 33. Hold Transfers
 34. Recovery Transfers
 35. Removal Transfers
 36. Report TCCS
 37. Report RSKM
 38. Unconstrained Paths Summary
 39. Clock Status Summary
 40. Unconstrained Input Ports
 41. Unconstrained Output Ports
 42. Unconstrained Input Ports
 43. Unconstrained Output Ports
 44. TimeQuest Timing Analyzer Messages



----------------
; Legal Notice ;
----------------
Copyright (C) 1991-2015 Altera Corporation. All rights reserved.
Your use of Altera Corporation's design tools, logic functions 
and other software and tools, and its AMPP partner logic 
functions, and any output files from any of the foregoing 
(including device programming or simulation files), and any 
associated documentation or information are expressly subject 
to the terms and conditions of the Altera Program License 
Subscription Agreement, the Altera Quartus Prime License Agreement,
the Altera MegaCore Function License Agreement, or other 
applicable license agreement, including, without limitation, 
that your use is for the sole purpose of programming logic 
devices manufactured by Altera and sold by Altera or its 
authorized distributors.  Please refer to the applicable 
agreement for further details.



+-----------------------------------------------------------------------------+
; TimeQuest Timing Analyzer Summary                                           ;
+-----------------------+-----------------------------------------------------+
; Quartus Prime Version ; Version 15.1.0 Build 185 10/21/2015 SJ Lite Edition ;
; Timing Analyzer       ; TimeQuest                                           ;
; Revision Name         ; BA1533_TX                                           ;
; Device Family         ; MAX 10                                              ;
; Device Name           ; 10M50DAF484C6GES                                    ;
; Timing Models         ; Preliminary                                         ;
; Delay Model           ; Combined                                            ;
; Rise/Fall Delays      ; Enabled                                             ;
+-----------------------+-----------------------------------------------------+


+------------------------------------------+
; Parallel Compilation                     ;
+----------------------------+-------------+
; Processors                 ; Number      ;
+----------------------------+-------------+
; Number detected on machine ; 4           ;
; Maximum allowed            ; 2           ;
;                            ;             ;
; Average used               ; 1.25        ;
; Maximum used               ; 2           ;
;                            ;             ;
; Usage by Processor         ; % Time Used ;
;     Processor 1            ; 100.0%      ;
;     Processor 2            ;  25.0%      ;
+----------------------------+-------------+


+-------------------------------------------------------+
; SDC File List                                         ;
+-------------------+--------+--------------------------+
; SDC File Path     ; Status ; Read at                  ;
+-------------------+--------+--------------------------+
; BA1533_TX.out.sdc ; OK     ; Tue Jul 03 01:19:14 2018 ;
+-------------------+--------+--------------------------+


+----------------------------------------------------------------------------------------------------------------------------------------------------------------------------------------------------------------------------------------------------------------------------------------------------------------------------------+
; Clocks                                                                                                                                                                                                                                                                                                                           ;
+------------------------------------------------------+-----------+---------+-----------+-------+--------+------------+-----------+-------------+-------+--------+-----------+------------+----------+--------+--------------------------------------------------------+----------------------------------------------------------+
; Clock Name                                           ; Type      ; Period  ; Frequency ; Rise  ; Fall   ; Duty Cycle ; Divide by ; Multiply by ; Phase ; Offset ; Edge List ; Edge Shift ; Inverted ; Master ; Source                                                 ; Targets                                                  ;
+------------------------------------------------------+-----------+---------+-----------+-------+--------+------------+-----------+-------------+-------+--------+-----------+------------+----------+--------+--------------------------------------------------------+----------------------------------------------------------+
; altera_reserved_tck                                  ; Base      ; 100.000 ; 10.0 MHz  ; 0.000 ; 50.000 ;            ;           ;             ;       ;        ;           ;            ;          ;        ;                                                        ; { altera_reserved_tck }                                  ;
; clk                                                  ; Base      ; 10.000  ; 100.0 MHz ; 0.000 ; 5.000  ;            ;           ;             ;       ;        ;           ;            ;          ;        ;                                                        ; { clk }                                                  ;
; tx_pll_c|altpll_component|auto_generated|pll1|clk[0] ; Generated ; 20.000  ; 50.0 MHz  ; 0.000 ; 10.000 ; 50.00      ; 2         ; 1           ;       ;        ;           ;            ; false    ; clk    ; tx_pll_c|altpll_component|auto_generated|pll1|inclk[0] ; { tx_pll_c|altpll_component|auto_generated|pll1|clk[0] } ;
; tx_pll_c|altpll_component|auto_generated|pll1|clk[1] ; Generated ; 55.555  ; 18.0 MHz  ; 0.000 ; 27.777 ; 50.00      ; 50        ; 9           ;       ;        ;           ;            ; false    ; clk    ; tx_pll_c|altpll_component|auto_generated|pll1|inclk[0] ; { tx_pll_c|altpll_component|auto_generated|pll1|clk[1] } ;
+------------------------------------------------------+-----------+---------+-----------+-------+--------+------------+-----------+-------------+-------+--------+-----------+------------+----------+--------+--------------------------------------------------------+----------------------------------------------------------+


+--------------------------------------------------------------------------------------------+
; Slow 1200mV 85C Model Fmax Summary                                                         ;
+------------+-----------------+------------------------------------------------------+------+
; Fmax       ; Restricted Fmax ; Clock Name                                           ; Note ;
+------------+-----------------+------------------------------------------------------+------+
; 62.74 MHz  ; 62.74 MHz       ; tx_pll_c|altpll_component|auto_generated|pll1|clk[1] ;      ;
; 67.29 MHz  ; 67.29 MHz       ; altera_reserved_tck                                  ;      ;
; 121.67 MHz ; 121.67 MHz      ; tx_pll_c|altpll_component|auto_generated|pll1|clk[0] ;      ;
; 204.71 MHz ; 204.71 MHz      ; clk                                                  ;      ;
+------------+-----------------+------------------------------------------------------+------+
This panel reports FMAX for every clock in the design, regardless of the user-specified clock periods.  FMAX is only computed for paths where the source and destination registers or ports are driven by the same clock.  Paths of different clocks, including generated clocks, are ignored.  For paths between a clock and its inversion, FMAX is computed as if the rising and falling edges are scaled along with FMAX, such that the duty cycle (in terms of a percentage) is maintained. Altera recommends that you always use clock constraints and other slack reports for sign-off analysis.


+-------------------------------------------------------------------------------+
; Slow 1200mV 85C Model Setup Summary                                           ;
+------------------------------------------------------+--------+---------------+
; Clock                                                ; Slack  ; End Point TNS ;
+------------------------------------------------------+--------+---------------+
; clk                                                  ; -4.138 ; -270.819      ;
; tx_pll_c|altpll_component|auto_generated|pll1|clk[0] ; 11.781 ; 0.000         ;
; tx_pll_c|altpll_component|auto_generated|pll1|clk[1] ; 39.616 ; 0.000         ;
; altera_reserved_tck                                  ; 42.569 ; 0.000         ;
+------------------------------------------------------+--------+---------------+


+-------------------------------------------------------------------------------+
; Slow 1200mV 85C Model Hold Summary                                            ;
+------------------------------------------------------+--------+---------------+
; Clock                                                ; Slack  ; End Point TNS ;
+------------------------------------------------------+--------+---------------+
; clk                                                  ; -4.221 ; -16.636       ;
; altera_reserved_tck                                  ; 0.323  ; 0.000         ;
; tx_pll_c|altpll_component|auto_generated|pll1|clk[1] ; 0.326  ; 0.000         ;
; tx_pll_c|altpll_component|auto_generated|pll1|clk[0] ; 0.331  ; 0.000         ;
+------------------------------------------------------+--------+---------------+


+----------------------------------------------+
; Slow 1200mV 85C Model Recovery Summary       ;
+---------------------+--------+---------------+
; Clock               ; Slack  ; End Point TNS ;
+---------------------+--------+---------------+
; altera_reserved_tck ; 47.874 ; 0.000         ;
+---------------------+--------+---------------+


+---------------------------------------------+
; Slow 1200mV 85C Model Removal Summary       ;
+---------------------+-------+---------------+
; Clock               ; Slack ; End Point TNS ;
+---------------------+-------+---------------+
; altera_reserved_tck ; 0.854 ; 0.000         ;
+---------------------+-------+---------------+


+-------------------------------------------------------------------------------+
; Slow 1200mV 85C Model Minimum Pulse Width Summary                             ;
+------------------------------------------------------+--------+---------------+
; Clock                                                ; Slack  ; End Point TNS ;
+------------------------------------------------------+--------+---------------+
; clk                                                  ; 4.532  ; 0.000         ;
; tx_pll_c|altpll_component|auto_generated|pll1|clk[0] ; 9.658  ; 0.000         ;
; tx_pll_c|altpll_component|auto_generated|pll1|clk[1] ; 27.503 ; 0.000         ;
; altera_reserved_tck                                  ; 49.496 ; 0.000         ;
+------------------------------------------------------+--------+---------------+


-----------------------------------------------
; Slow 1200mV 85C Model Metastability Summary ;
-----------------------------------------------
The design MTBF is not calculated because there are no specified synchronizers in the design.
Number of Synchronizer Chains Found: 40
Shortest Synchronizer Chain: 4 Registers
Fraction of Chains for which MTBFs Could Not be Calculated: 1.000
Worst Case Available Settling Time: 35.036 ns




+--------------------------------------------------------------------------------------------+
; Slow 1200mV 0C Model Fmax Summary                                                          ;
+------------+-----------------+------------------------------------------------------+------+
; Fmax       ; Restricted Fmax ; Clock Name                                           ; Note ;
+------------+-----------------+------------------------------------------------------+------+
; 68.05 MHz  ; 68.05 MHz       ; tx_pll_c|altpll_component|auto_generated|pll1|clk[1] ;      ;
; 74.09 MHz  ; 74.09 MHz       ; altera_reserved_tck                                  ;      ;
; 131.42 MHz ; 131.42 MHz      ; tx_pll_c|altpll_component|auto_generated|pll1|clk[0] ;      ;
; 226.96 MHz ; 226.96 MHz      ; clk                                                  ;      ;
+------------+-----------------+------------------------------------------------------+------+
This panel reports FMAX for every clock in the design, regardless of the user-specified clock periods.  FMAX is only computed for paths where the source and destination registers or ports are driven by the same clock.  Paths of different clocks, including generated clocks, are ignored.  For paths between a clock and its inversion, FMAX is computed as if the rising and falling edges are scaled along with FMAX, such that the duty cycle (in terms of a percentage) is maintained. Altera recommends that you always use clock constraints and other slack reports for sign-off analysis.


+-------------------------------------------------------------------------------+
; Slow 1200mV 0C Model Setup Summary                                            ;
+------------------------------------------------------+--------+---------------+
; Clock                                                ; Slack  ; End Point TNS ;
+------------------------------------------------------+--------+---------------+
; clk                                                  ; -4.041 ; -267.960      ;
; tx_pll_c|altpll_component|auto_generated|pll1|clk[0] ; 12.391 ; 0.000         ;
; tx_pll_c|altpll_component|auto_generated|pll1|clk[1] ; 40.859 ; 0.000         ;
; altera_reserved_tck                                  ; 43.251 ; 0.000         ;
+------------------------------------------------------+--------+---------------+


+-------------------------------------------------------------------------------+
; Slow 1200mV 0C Model Hold Summary                                             ;
+------------------------------------------------------+--------+---------------+
; Clock                                                ; Slack  ; End Point TNS ;
+------------------------------------------------------+--------+---------------+
; clk                                                  ; -3.411 ; -13.389       ;
; altera_reserved_tck                                  ; 0.293  ; 0.000         ;
; tx_pll_c|altpll_component|auto_generated|pll1|clk[1] ; 0.296  ; 0.000         ;
; tx_pll_c|altpll_component|auto_generated|pll1|clk[0] ; 0.299  ; 0.000         ;
+------------------------------------------------------+--------+---------------+


+----------------------------------------------+
; Slow 1200mV 0C Model Recovery Summary        ;
+---------------------+--------+---------------+
; Clock               ; Slack  ; End Point TNS ;
+---------------------+--------+---------------+
; altera_reserved_tck ; 48.073 ; 0.000         ;
+---------------------+--------+---------------+


+---------------------------------------------+
; Slow 1200mV 0C Model Removal Summary        ;
+---------------------+-------+---------------+
; Clock               ; Slack ; End Point TNS ;
+---------------------+-------+---------------+
; altera_reserved_tck ; 0.785 ; 0.000         ;
+---------------------+-------+---------------+


+-------------------------------------------------------------------------------+
; Slow 1200mV 0C Model Minimum Pulse Width Summary                              ;
+------------------------------------------------------+--------+---------------+
; Clock                                                ; Slack  ; End Point TNS ;
+------------------------------------------------------+--------+---------------+
; clk                                                  ; 4.558  ; 0.000         ;
; tx_pll_c|altpll_component|auto_generated|pll1|clk[0] ; 9.672  ; 0.000         ;
; tx_pll_c|altpll_component|auto_generated|pll1|clk[1] ; 27.490 ; 0.000         ;
; altera_reserved_tck                                  ; 49.516 ; 0.000         ;
+------------------------------------------------------+--------+---------------+


----------------------------------------------
; Slow 1200mV 0C Model Metastability Summary ;
----------------------------------------------
The design MTBF is not calculated because there are no specified synchronizers in the design.
Number of Synchronizer Chains Found: 40
Shortest Synchronizer Chain: 4 Registers
Fraction of Chains for which MTBFs Could Not be Calculated: 1.000
Worst Case Available Settling Time: 35.467 ns




+-------------------------------------------------------------------------------+
; Fast 1200mV 0C Model Setup Summary                                            ;
+------------------------------------------------------+--------+---------------+
; Clock                                                ; Slack  ; End Point TNS ;
+------------------------------------------------------+--------+---------------+
; clk                                                  ; -2.053 ; -127.008      ;
; tx_pll_c|altpll_component|auto_generated|pll1|clk[0] ; 15.451 ; 0.000         ;
; altera_reserved_tck                                  ; 46.554 ; 0.000         ;
; tx_pll_c|altpll_component|auto_generated|pll1|clk[1] ; 46.853 ; 0.000         ;
+------------------------------------------------------+--------+---------------+


+-------------------------------------------------------------------------------+
; Fast 1200mV 0C Model Hold Summary                                             ;
+------------------------------------------------------+--------+---------------+
; Clock                                                ; Slack  ; End Point TNS ;
+------------------------------------------------------+--------+---------------+
; clk                                                  ; -2.100 ; -8.296        ;
; altera_reserved_tck                                  ; 0.147  ; 0.000         ;
; tx_pll_c|altpll_component|auto_generated|pll1|clk[1] ; 0.149  ; 0.000         ;
; tx_pll_c|altpll_component|auto_generated|pll1|clk[0] ; 0.152  ; 0.000         ;
+------------------------------------------------------+--------+---------------+


+----------------------------------------------+
; Fast 1200mV 0C Model Recovery Summary        ;
+---------------------+--------+---------------+
; Clock               ; Slack  ; End Point TNS ;
+---------------------+--------+---------------+
; altera_reserved_tck ; 49.199 ; 0.000         ;
+---------------------+--------+---------------+


+---------------------------------------------+
; Fast 1200mV 0C Model Removal Summary        ;
+---------------------+-------+---------------+
; Clock               ; Slack ; End Point TNS ;
+---------------------+-------+---------------+
; altera_reserved_tck ; 0.405 ; 0.000         ;
+---------------------+-------+---------------+


+-------------------------------------------------------------------------------+
; Fast 1200mV 0C Model Minimum Pulse Width Summary                              ;
+------------------------------------------------------+--------+---------------+
; Clock                                                ; Slack  ; End Point TNS ;
+------------------------------------------------------+--------+---------------+
; clk                                                  ; 4.406  ; 0.000         ;
; tx_pll_c|altpll_component|auto_generated|pll1|clk[0] ; 9.716  ; 0.000         ;
; tx_pll_c|altpll_component|auto_generated|pll1|clk[1] ; 27.554 ; 0.000         ;
; altera_reserved_tck                                  ; 49.386 ; 0.000         ;
+------------------------------------------------------+--------+---------------+


----------------------------------------------
; Fast 1200mV 0C Model Metastability Summary ;
----------------------------------------------
The design MTBF is not calculated because there are no specified synchronizers in the design.
Number of Synchronizer Chains Found: 40
Shortest Synchronizer Chain: 4 Registers
Fraction of Chains for which MTBFs Could Not be Calculated: 1.000
Worst Case Available Settling Time: 37.605 ns




+-----------------------------------------------------------------------------------------------------------------------+
; Multicorner Timing Analysis Summary                                                                                   ;
+-------------------------------------------------------+----------+---------+----------+---------+---------------------+
; Clock                                                 ; Setup    ; Hold    ; Recovery ; Removal ; Minimum Pulse Width ;
+-------------------------------------------------------+----------+---------+----------+---------+---------------------+
; Worst-case Slack                                      ; -4.138   ; -4.221  ; 47.874   ; 0.405   ; 4.406               ;
;  altera_reserved_tck                                  ; 42.569   ; 0.147   ; 47.874   ; 0.405   ; 49.386              ;
;  clk                                                  ; -4.138   ; -4.221  ; N/A      ; N/A     ; 4.406               ;
;  tx_pll_c|altpll_component|auto_generated|pll1|clk[0] ; 11.781   ; 0.152   ; N/A      ; N/A     ; 9.658               ;
;  tx_pll_c|altpll_component|auto_generated|pll1|clk[1] ; 39.616   ; 0.149   ; N/A      ; N/A     ; 27.490              ;
; Design-wide TNS                                       ; -270.819 ; -16.636 ; 0.0      ; 0.0     ; 0.0                 ;
;  altera_reserved_tck                                  ; 0.000    ; 0.000   ; 0.000    ; 0.000   ; 0.000               ;
;  clk                                                  ; -270.819 ; -16.636 ; N/A      ; N/A     ; 0.000               ;
;  tx_pll_c|altpll_component|auto_generated|pll1|clk[0] ; 0.000    ; 0.000   ; N/A      ; N/A     ; 0.000               ;
;  tx_pll_c|altpll_component|auto_generated|pll1|clk[1] ; 0.000    ; 0.000   ; N/A      ; N/A     ; 0.000               ;
+-------------------------------------------------------+----------+---------+----------+---------+---------------------+


+------------------------------------------------------------------------------------------------------------------------------------------------------------------------------------------------------------------------------------------------------------------------------------------------------------------------------------------------------------------------------------------------------------------------+
; Board Trace Model Assignments                                                                                                                                                                                                                                                                                                                                                                                          ;
+---------------------+--------------+-------------------+-------------------------+-------------------------+---------------+---------------------+----------------+------------------+--------+------------------+------------------------+------------------------+--------------+---------------+-----------------+-------+---------------------+--------------------+---------------+-----------------+-------------+
; Pin                 ; I/O Standard ; Near Tline Length ; Near Tline L per Length ; Near Tline C per Length ; Near Series R ; Near Differential R ; Near Pull-up R ; Near Pull-down R ; Near C ; Far Tline Length ; Far Tline L per Length ; Far Tline C per Length ; Far Series R ; Far Pull-up R ; Far Pull-down R ; Far C ; Termination Voltage ; Far Differential R ; EBD File Name ; EBD Signal Name ; EBD Far-end ;
+---------------------+--------------+-------------------+-------------------------+-------------------------+---------------+---------------------+----------------+------------------+--------+------------------+------------------------+------------------------+--------------+---------------+-----------------+-------+---------------------+--------------------+---------------+-----------------+-------------+
; UART_TXD            ; 2.5 V        ; 0 in              ; 0 H/in                  ; 0 F/in                  ; short         ; -                   ; open           ; open             ; open   ; 0 in             ; 0 H/in                 ; 0 F/in                 ; short        ; open          ; open            ; open  ; 0 V                 ; -                  ; n/a           ; n/a             ; n/a         ;
; led1                ; 2.5 V        ; 0 in              ; 0 H/in                  ; 0 F/in                  ; short         ; -                   ; open           ; open             ; open   ; 0 in             ; 0 H/in                 ; 0 F/in                 ; short        ; open          ; open            ; open  ; 0 V                 ; -                  ; n/a           ; n/a             ; n/a         ;
; led2                ; 2.5 V        ; 0 in              ; 0 H/in                  ; 0 F/in                  ; short         ; -                   ; open           ; open             ; open   ; 0 in             ; 0 H/in                 ; 0 F/in                 ; short        ; open          ; open            ; open  ; 0 V                 ; -                  ; n/a           ; n/a             ; n/a         ;
; led3                ; 2.5 V        ; 0 in              ; 0 H/in                  ; 0 F/in                  ; short         ; -                   ; open           ; open             ; open   ; 0 in             ; 0 H/in                 ; 0 F/in                 ; short        ; open          ; open            ; open  ; 0 V                 ; -                  ; n/a           ; n/a             ; n/a         ;
; led4                ; 2.5 V        ; 0 in              ; 0 H/in                  ; 0 F/in                  ; short         ; -                   ; open           ; open             ; open   ; 0 in             ; 0 H/in                 ; 0 F/in                 ; short        ; open          ; open            ; open  ; 0 V                 ; -                  ; n/a           ; n/a             ; n/a         ;
; tx_bit_data         ; 2.5 V        ; 0 in              ; 0 H/in                  ; 0 F/in                  ; short         ; -                   ; open           ; open             ; open   ; 0 in             ; 0 H/in                 ; 0 F/in                 ; short        ; open          ; open            ; open  ; 0 V                 ; -                  ; n/a           ; n/a             ; n/a         ;
; altera_reserved_tdo ; 2.5 V        ; 0 in              ; 0 H/in                  ; 0 F/in                  ; short         ; -                   ; open           ; open             ; open   ; 0 in             ; 0 H/in                 ; 0 F/in                 ; short        ; open          ; open            ; open  ; 0 V                 ; -                  ; n/a           ; n/a             ; n/a         ;
+---------------------+--------------+-------------------+-------------------------+-------------------------+---------------+---------------------+----------------+------------------+--------+------------------+------------------------+------------------------+--------------+---------------+-----------------+-------+---------------------+--------------------+---------------+-----------------+-------------+


+---------------------------------------------------------------------------------+
; Input Transition Times                                                          ;
+---------------------+-----------------------+-----------------+-----------------+
; Pin                 ; I/O Standard          ; 10-90 Rise Time ; 90-10 Fall Time ;
+---------------------+-----------------------+-----------------+-----------------+
; UART_RXD            ; 2.5 V                 ; 2000 ps         ; 2000 ps         ;
; clk                 ; 2.5 V                 ; 2000 ps         ; 2000 ps         ;
; altera_reserved_tms ; 2.5 V Schmitt Trigger ; 2000 ps         ; 2000 ps         ;
; altera_reserved_tck ; 2.5 V Schmitt Trigger ; 2000 ps         ; 2000 ps         ;
; altera_reserved_tdi ; 2.5 V Schmitt Trigger ; 2000 ps         ; 2000 ps         ;
; ~ALTERA_CONFIG_SEL~ ; 2.5 V                 ; 2000 ps         ; 2000 ps         ;
; ~ALTERA_nCONFIG~    ; 2.5 V Schmitt Trigger ; 2000 ps         ; 2000 ps         ;
; ~ALTERA_nSTATUS~    ; 2.5 V Schmitt Trigger ; 2000 ps         ; 2000 ps         ;
; ~ALTERA_CONF_DONE~  ; 2.5 V Schmitt Trigger ; 2000 ps         ; 2000 ps         ;
+---------------------+-----------------------+-----------------+-----------------+


+--------------------------------------------------------------------------------------------------------------------------------------------------------------------------------------------------------------------------------------------------------------------------------------------------------------------------------------------------------------------------------------------------------------------------------------------------------------------------------------------------------------------------------------------------------------------------------------------------------------------------------------------------------------------------------------------------+
; Signal Integrity Metrics (Slow 1200mv 0c Model)                                                                                                                                                                                                                                                                                                                                                                                                                                                                                                                                                                                                                                                  ;
+---------------------+--------------+---------------------+---------------------+------------------------------+------------------------------+---------------------+---------------------+--------------------------------------+--------------------------------------+-----------------------------+-----------------------------+----------------------------+----------------------------+-----------------------------+-----------------------------+--------------------+--------------------+-------------------------------------+-------------------------------------+----------------------------+----------------------------+---------------------------+---------------------------+
; Pin                 ; I/O Standard ; Board Delay on Rise ; Board Delay on Fall ; Steady State Voh at FPGA Pin ; Steady State Vol at FPGA Pin ; Voh Max at FPGA Pin ; Vol Min at FPGA Pin ; Ringback Voltage on Rise at FPGA Pin ; Ringback Voltage on Fall at FPGA Pin ; 10-90 Rise Time at FPGA Pin ; 90-10 Fall Time at FPGA Pin ; Monotonic Rise at FPGA Pin ; Monotonic Fall at FPGA Pin ; Steady State Voh at Far-end ; Steady State Vol at Far-end ; Voh Max at Far-end ; Vol Min at Far-end ; Ringback Voltage on Rise at Far-end ; Ringback Voltage on Fall at Far-end ; 10-90 Rise Time at Far-end ; 90-10 Fall Time at Far-end ; Monotonic Rise at Far-end ; Monotonic Fall at Far-end ;
+---------------------+--------------+---------------------+---------------------+------------------------------+------------------------------+---------------------+---------------------+--------------------------------------+--------------------------------------+-----------------------------+-----------------------------+----------------------------+----------------------------+-----------------------------+-----------------------------+--------------------+--------------------+-------------------------------------+-------------------------------------+----------------------------+----------------------------+---------------------------+---------------------------+
; UART_TXD            ; 2.5 V        ; 0 s                 ; 0 s                 ; 2.32 V                       ; 9.59e-09 V                   ; 2.34 V              ; -0.0142 V           ; 0.027 V                              ; 0.023 V                              ; 5.1e-10 s                   ; 4.76e-10 s                  ; Yes                        ; Yes                        ; 2.32 V                      ; 9.59e-09 V                  ; 2.34 V             ; -0.0142 V          ; 0.027 V                             ; 0.023 V                             ; 5.1e-10 s                  ; 4.76e-10 s                 ; Yes                       ; Yes                       ;
; led1                ; 2.5 V        ; 0 s                 ; 0 s                 ; 2.32 V                       ; 9.6e-09 V                    ; 2.34 V              ; -0.0146 V           ; 0.027 V                              ; 0.022 V                              ; 5.1e-10 s                   ; 4.76e-10 s                  ; Yes                        ; Yes                        ; 2.32 V                      ; 9.6e-09 V                   ; 2.34 V             ; -0.0146 V          ; 0.027 V                             ; 0.022 V                             ; 5.1e-10 s                  ; 4.76e-10 s                 ; Yes                       ; Yes                       ;
; led2                ; 2.5 V        ; 0 s                 ; 0 s                 ; 2.32 V                       ; 9.59e-09 V                   ; 2.34 V              ; -0.0142 V           ; 0.027 V                              ; 0.023 V                              ; 5.1e-10 s                   ; 4.76e-10 s                  ; Yes                        ; Yes                        ; 2.32 V                      ; 9.59e-09 V                  ; 2.34 V             ; -0.0142 V          ; 0.027 V                             ; 0.023 V                             ; 5.1e-10 s                  ; 4.76e-10 s                 ; Yes                       ; Yes                       ;
; led3                ; 2.5 V        ; 0 s                 ; 0 s                 ; 2.32 V                       ; 9.6e-09 V                    ; 2.34 V              ; -0.0146 V           ; 0.027 V                              ; 0.022 V                              ; 5.1e-10 s                   ; 4.76e-10 s                  ; Yes                        ; Yes                        ; 2.32 V                      ; 9.6e-09 V                   ; 2.34 V             ; -0.0146 V          ; 0.027 V                             ; 0.022 V                             ; 5.1e-10 s                  ; 4.76e-10 s                 ; Yes                       ; Yes                       ;
; led4                ; 2.5 V        ; 0 s                 ; 0 s                 ; 2.32 V                       ; 9.6e-09 V                    ; 2.34 V              ; -0.0146 V           ; 0.027 V                              ; 0.022 V                              ; 5.1e-10 s                   ; 4.76e-10 s                  ; Yes                        ; Yes                        ; 2.32 V                      ; 9.6e-09 V                   ; 2.34 V             ; -0.0146 V          ; 0.027 V                             ; 0.022 V                             ; 5.1e-10 s                  ; 4.76e-10 s                 ; Yes                       ; Yes                       ;
; tx_bit_data         ; 2.5 V        ; 0 s                 ; 0 s                 ; 2.32 V                       ; 9.59e-09 V                   ; 2.34 V              ; -0.0142 V           ; 0.027 V                              ; 0.023 V                              ; 5.1e-10 s                   ; 4.76e-10 s                  ; Yes                        ; Yes                        ; 2.32 V                      ; 9.59e-09 V                  ; 2.34 V             ; -0.0142 V          ; 0.027 V                             ; 0.023 V                             ; 5.1e-10 s                  ; 4.76e-10 s                 ; Yes                       ; Yes                       ;
; altera_reserved_tdo ; 2.5 V        ; 0 s                 ; 0 s                 ; 2.32 V                       ; 1.97e-08 V                   ; 2.4 V               ; -0.023 V            ; 0.201 V                              ; 0.081 V                              ; 4.59e-10 s                  ; 5.51e-10 s                  ; No                         ; Yes                        ; 2.32 V                      ; 1.97e-08 V                  ; 2.4 V              ; -0.023 V           ; 0.201 V                             ; 0.081 V                             ; 4.59e-10 s                 ; 5.51e-10 s                 ; No                        ; Yes                       ;
+---------------------+--------------+---------------------+---------------------+------------------------------+------------------------------+---------------------+---------------------+--------------------------------------+--------------------------------------+-----------------------------+-----------------------------+----------------------------+----------------------------+-----------------------------+-----------------------------+--------------------+--------------------+-------------------------------------+-------------------------------------+----------------------------+----------------------------+---------------------------+---------------------------+


+--------------------------------------------------------------------------------------------------------------------------------------------------------------------------------------------------------------------------------------------------------------------------------------------------------------------------------------------------------------------------------------------------------------------------------------------------------------------------------------------------------------------------------------------------------------------------------------------------------------------------------------------------------------------------------------------------+
; Signal Integrity Metrics (Slow 1200mv 85c Model)                                                                                                                                                                                                                                                                                                                                                                                                                                                                                                                                                                                                                                                 ;
+---------------------+--------------+---------------------+---------------------+------------------------------+------------------------------+---------------------+---------------------+--------------------------------------+--------------------------------------+-----------------------------+-----------------------------+----------------------------+----------------------------+-----------------------------+-----------------------------+--------------------+--------------------+-------------------------------------+-------------------------------------+----------------------------+----------------------------+---------------------------+---------------------------+
; Pin                 ; I/O Standard ; Board Delay on Rise ; Board Delay on Fall ; Steady State Voh at FPGA Pin ; Steady State Vol at FPGA Pin ; Voh Max at FPGA Pin ; Vol Min at FPGA Pin ; Ringback Voltage on Rise at FPGA Pin ; Ringback Voltage on Fall at FPGA Pin ; 10-90 Rise Time at FPGA Pin ; 90-10 Fall Time at FPGA Pin ; Monotonic Rise at FPGA Pin ; Monotonic Fall at FPGA Pin ; Steady State Voh at Far-end ; Steady State Vol at Far-end ; Voh Max at Far-end ; Vol Min at Far-end ; Ringback Voltage on Rise at Far-end ; Ringback Voltage on Fall at Far-end ; 10-90 Rise Time at Far-end ; 90-10 Fall Time at Far-end ; Monotonic Rise at Far-end ; Monotonic Fall at Far-end ;
+---------------------+--------------+---------------------+---------------------+------------------------------+------------------------------+---------------------+---------------------+--------------------------------------+--------------------------------------+-----------------------------+-----------------------------+----------------------------+----------------------------+-----------------------------+-----------------------------+--------------------+--------------------+-------------------------------------+-------------------------------------+----------------------------+----------------------------+---------------------------+---------------------------+
; UART_TXD            ; 2.5 V        ; 0 s                 ; 0 s                 ; 2.32 V                       ; 1.48e-06 V                   ; 2.33 V              ; -0.00363 V          ; 0.018 V                              ; 0.017 V                              ; 6.26e-10 s                  ; 5.92e-10 s                  ; Yes                        ; Yes                        ; 2.32 V                      ; 1.48e-06 V                  ; 2.33 V             ; -0.00363 V         ; 0.018 V                             ; 0.017 V                             ; 6.26e-10 s                 ; 5.92e-10 s                 ; Yes                       ; Yes                       ;
; led1                ; 2.5 V        ; 0 s                 ; 0 s                 ; 2.32 V                       ; 1.48e-06 V                   ; 2.33 V              ; -0.00349 V          ; 0.018 V                              ; 0.017 V                              ; 6.26e-10 s                  ; 5.92e-10 s                  ; Yes                        ; Yes                        ; 2.32 V                      ; 1.48e-06 V                  ; 2.33 V             ; -0.00349 V         ; 0.018 V                             ; 0.017 V                             ; 6.26e-10 s                 ; 5.92e-10 s                 ; Yes                       ; Yes                       ;
; led2                ; 2.5 V        ; 0 s                 ; 0 s                 ; 2.32 V                       ; 1.48e-06 V                   ; 2.33 V              ; -0.00363 V          ; 0.018 V                              ; 0.017 V                              ; 6.26e-10 s                  ; 5.92e-10 s                  ; Yes                        ; Yes                        ; 2.32 V                      ; 1.48e-06 V                  ; 2.33 V             ; -0.00363 V         ; 0.018 V                             ; 0.017 V                             ; 6.26e-10 s                 ; 5.92e-10 s                 ; Yes                       ; Yes                       ;
; led3                ; 2.5 V        ; 0 s                 ; 0 s                 ; 2.32 V                       ; 1.48e-06 V                   ; 2.33 V              ; -0.00349 V          ; 0.018 V                              ; 0.017 V                              ; 6.26e-10 s                  ; 5.92e-10 s                  ; Yes                        ; Yes                        ; 2.32 V                      ; 1.48e-06 V                  ; 2.33 V             ; -0.00349 V         ; 0.018 V                             ; 0.017 V                             ; 6.26e-10 s                 ; 5.92e-10 s                 ; Yes                       ; Yes                       ;
; led4                ; 2.5 V        ; 0 s                 ; 0 s                 ; 2.32 V                       ; 1.48e-06 V                   ; 2.33 V              ; -0.00349 V          ; 0.018 V                              ; 0.017 V                              ; 6.26e-10 s                  ; 5.92e-10 s                  ; Yes                        ; Yes                        ; 2.32 V                      ; 1.48e-06 V                  ; 2.33 V             ; -0.00349 V         ; 0.018 V                             ; 0.017 V                             ; 6.26e-10 s                 ; 5.92e-10 s                 ; Yes                       ; Yes                       ;
; tx_bit_data         ; 2.5 V        ; 0 s                 ; 0 s                 ; 2.32 V                       ; 1.48e-06 V                   ; 2.33 V              ; -0.00363 V          ; 0.018 V                              ; 0.017 V                              ; 6.26e-10 s                  ; 5.92e-10 s                  ; Yes                        ; Yes                        ; 2.32 V                      ; 1.48e-06 V                  ; 2.33 V             ; -0.00363 V         ; 0.018 V                             ; 0.017 V                             ; 6.26e-10 s                 ; 5.92e-10 s                 ; Yes                       ; Yes                       ;
; altera_reserved_tdo ; 2.5 V        ; 0 s                 ; 0 s                 ; 2.32 V                       ; 3.04e-06 V                   ; 2.37 V              ; -0.0108 V           ; 0.13 V                               ; 0.066 V                              ; 6.32e-10 s                  ; 6.45e-10 s                  ; No                         ; Yes                        ; 2.32 V                      ; 3.04e-06 V                  ; 2.37 V             ; -0.0108 V          ; 0.13 V                              ; 0.066 V                             ; 6.32e-10 s                 ; 6.45e-10 s                 ; No                        ; Yes                       ;
+---------------------+--------------+---------------------+---------------------+------------------------------+------------------------------+---------------------+---------------------+--------------------------------------+--------------------------------------+-----------------------------+-----------------------------+----------------------------+----------------------------+-----------------------------+-----------------------------+--------------------+--------------------+-------------------------------------+-------------------------------------+----------------------------+----------------------------+---------------------------+---------------------------+


+--------------------------------------------------------------------------------------------------------------------------------------------------------------------------------------------------------------------------------------------------------------------------------------------------------------------------------------------------------------------------------------------------------------------------------------------------------------------------------------------------------------------------------------------------------------------------------------------------------------------------------------------------------------------------------------------------+
; Signal Integrity Metrics (Fast 1200mv 0c Model)                                                                                                                                                                                                                                                                                                                                                                                                                                                                                                                                                                                                                                                  ;
+---------------------+--------------+---------------------+---------------------+------------------------------+------------------------------+---------------------+---------------------+--------------------------------------+--------------------------------------+-----------------------------+-----------------------------+----------------------------+----------------------------+-----------------------------+-----------------------------+--------------------+--------------------+-------------------------------------+-------------------------------------+----------------------------+----------------------------+---------------------------+---------------------------+
; Pin                 ; I/O Standard ; Board Delay on Rise ; Board Delay on Fall ; Steady State Voh at FPGA Pin ; Steady State Vol at FPGA Pin ; Voh Max at FPGA Pin ; Vol Min at FPGA Pin ; Ringback Voltage on Rise at FPGA Pin ; Ringback Voltage on Fall at FPGA Pin ; 10-90 Rise Time at FPGA Pin ; 90-10 Fall Time at FPGA Pin ; Monotonic Rise at FPGA Pin ; Monotonic Fall at FPGA Pin ; Steady State Voh at Far-end ; Steady State Vol at Far-end ; Voh Max at Far-end ; Vol Min at Far-end ; Ringback Voltage on Rise at Far-end ; Ringback Voltage on Fall at Far-end ; 10-90 Rise Time at Far-end ; 90-10 Fall Time at Far-end ; Monotonic Rise at Far-end ; Monotonic Fall at Far-end ;
+---------------------+--------------+---------------------+---------------------+------------------------------+------------------------------+---------------------+---------------------+--------------------------------------+--------------------------------------+-----------------------------+-----------------------------+----------------------------+----------------------------+-----------------------------+-----------------------------+--------------------+--------------------+-------------------------------------+-------------------------------------+----------------------------+----------------------------+---------------------------+---------------------------+
; UART_TXD            ; 2.5 V        ; 0 s                 ; 0 s                 ; 2.62 V                       ; 8.17e-08 V                   ; 2.64 V              ; -0.028 V            ; 0.026 V                              ; 0.059 V                              ; 4.3e-10 s                   ; 4.02e-10 s                  ; Yes                        ; Yes                        ; 2.62 V                      ; 8.17e-08 V                  ; 2.64 V             ; -0.028 V           ; 0.026 V                             ; 0.059 V                             ; 4.3e-10 s                  ; 4.02e-10 s                 ; Yes                       ; Yes                       ;
; led1                ; 2.5 V        ; 0 s                 ; 0 s                 ; 2.62 V                       ; 8.16e-08 V                   ; 2.64 V              ; -0.0276 V           ; 0.026 V                              ; 0.058 V                              ; 4.3e-10 s                   ; 4.02e-10 s                  ; Yes                        ; Yes                        ; 2.62 V                      ; 8.16e-08 V                  ; 2.64 V             ; -0.0276 V          ; 0.026 V                             ; 0.058 V                             ; 4.3e-10 s                  ; 4.02e-10 s                 ; Yes                       ; Yes                       ;
; led2                ; 2.5 V        ; 0 s                 ; 0 s                 ; 2.62 V                       ; 8.17e-08 V                   ; 2.64 V              ; -0.028 V            ; 0.026 V                              ; 0.059 V                              ; 4.3e-10 s                   ; 4.02e-10 s                  ; Yes                        ; Yes                        ; 2.62 V                      ; 8.17e-08 V                  ; 2.64 V             ; -0.028 V           ; 0.026 V                             ; 0.059 V                             ; 4.3e-10 s                  ; 4.02e-10 s                 ; Yes                       ; Yes                       ;
; led3                ; 2.5 V        ; 0 s                 ; 0 s                 ; 2.62 V                       ; 8.16e-08 V                   ; 2.64 V              ; -0.0276 V           ; 0.026 V                              ; 0.058 V                              ; 4.3e-10 s                   ; 4.02e-10 s                  ; Yes                        ; Yes                        ; 2.62 V                      ; 8.16e-08 V                  ; 2.64 V             ; -0.0276 V          ; 0.026 V                             ; 0.058 V                             ; 4.3e-10 s                  ; 4.02e-10 s                 ; Yes                       ; Yes                       ;
; led4                ; 2.5 V        ; 0 s                 ; 0 s                 ; 2.62 V                       ; 8.16e-08 V                   ; 2.64 V              ; -0.0276 V           ; 0.026 V                              ; 0.058 V                              ; 4.3e-10 s                   ; 4.02e-10 s                  ; Yes                        ; Yes                        ; 2.62 V                      ; 8.16e-08 V                  ; 2.64 V             ; -0.0276 V          ; 0.026 V                             ; 0.058 V                             ; 4.3e-10 s                  ; 4.02e-10 s                 ; Yes                       ; Yes                       ;
; tx_bit_data         ; 2.5 V        ; 0 s                 ; 0 s                 ; 2.62 V                       ; 8.17e-08 V                   ; 2.64 V              ; -0.028 V            ; 0.026 V                              ; 0.059 V                              ; 4.3e-10 s                   ; 4.02e-10 s                  ; Yes                        ; Yes                        ; 2.62 V                      ; 8.17e-08 V                  ; 2.64 V             ; -0.028 V           ; 0.026 V                             ; 0.059 V                             ; 4.3e-10 s                  ; 4.02e-10 s                 ; Yes                       ; Yes                       ;
; altera_reserved_tdo ; 2.5 V        ; 0 s                 ; 0 s                 ; 2.62 V                       ; 1.68e-07 V                   ; 2.73 V              ; -0.0395 V           ; 0.361 V                              ; 0.109 V                              ; 3.1e-10 s                   ; 4.41e-10 s                  ; No                         ; Yes                        ; 2.62 V                      ; 1.68e-07 V                  ; 2.73 V             ; -0.0395 V          ; 0.361 V                             ; 0.109 V                             ; 3.1e-10 s                  ; 4.41e-10 s                 ; No                        ; Yes                       ;
+---------------------+--------------+---------------------+---------------------+------------------------------+------------------------------+---------------------+---------------------+--------------------------------------+--------------------------------------+-----------------------------+-----------------------------+----------------------------+----------------------------+-----------------------------+-----------------------------+--------------------+--------------------+-------------------------------------+-------------------------------------+----------------------------+----------------------------+---------------------------+---------------------------+


+-----------------------------------------------------------------------------------------------------------------------------------------------------------+
; Setup Transfers                                                                                                                                           ;
+------------------------------------------------------+------------------------------------------------------+------------+----------+----------+----------+
; From Clock                                           ; To Clock                                             ; RR Paths   ; FR Paths ; RF Paths ; FF Paths ;
+------------------------------------------------------+------------------------------------------------------+------------+----------+----------+----------+
; altera_reserved_tck                                  ; altera_reserved_tck                                  ; 5610       ; 0        ; 84       ; 0        ;
; clk                                                  ; altera_reserved_tck                                  ; false path ; 0        ; 0        ; 0        ;
; altera_reserved_tck                                  ; clk                                                  ; false path ; 0        ; 0        ; 0        ;
; clk                                                  ; clk                                                  ; 1798       ; 0        ; 0        ; 0        ;
; tx_pll_c|altpll_component|auto_generated|pll1|clk[0] ; clk                                                  ; 2          ; 2        ; 0        ; 0        ;
; tx_pll_c|altpll_component|auto_generated|pll1|clk[1] ; clk                                                  ; 72         ; 2        ; 0        ; 0        ;
; tx_pll_c|altpll_component|auto_generated|pll1|clk[0] ; tx_pll_c|altpll_component|auto_generated|pll1|clk[0] ; 454        ; 0        ; 0        ; 0        ;
; tx_pll_c|altpll_component|auto_generated|pll1|clk[1] ; tx_pll_c|altpll_component|auto_generated|pll1|clk[1] ; 591        ; 0        ; 0        ; 0        ;
+------------------------------------------------------+------------------------------------------------------+------------+----------+----------+----------+
Entries labeled "false path" only account for clock-to-clock false paths and not path-based false paths. As a result, actual path counts may be lower than reported.


+-----------------------------------------------------------------------------------------------------------------------------------------------------------+
; Hold Transfers                                                                                                                                            ;
+------------------------------------------------------+------------------------------------------------------+------------+----------+----------+----------+
; From Clock                                           ; To Clock                                             ; RR Paths   ; FR Paths ; RF Paths ; FF Paths ;
+------------------------------------------------------+------------------------------------------------------+------------+----------+----------+----------+
; altera_reserved_tck                                  ; altera_reserved_tck                                  ; 5610       ; 0        ; 84       ; 0        ;
; clk                                                  ; altera_reserved_tck                                  ; false path ; 0        ; 0        ; 0        ;
; altera_reserved_tck                                  ; clk                                                  ; false path ; 0        ; 0        ; 0        ;
; clk                                                  ; clk                                                  ; 1798       ; 0        ; 0        ; 0        ;
; tx_pll_c|altpll_component|auto_generated|pll1|clk[0] ; clk                                                  ; 2          ; 2        ; 0        ; 0        ;
; tx_pll_c|altpll_component|auto_generated|pll1|clk[1] ; clk                                                  ; 72         ; 2        ; 0        ; 0        ;
; tx_pll_c|altpll_component|auto_generated|pll1|clk[0] ; tx_pll_c|altpll_component|auto_generated|pll1|clk[0] ; 454        ; 0        ; 0        ; 0        ;
; tx_pll_c|altpll_component|auto_generated|pll1|clk[1] ; tx_pll_c|altpll_component|auto_generated|pll1|clk[1] ; 591        ; 0        ; 0        ; 0        ;
+------------------------------------------------------+------------------------------------------------------+------------+----------+----------+----------+
Entries labeled "false path" only account for clock-to-clock false paths and not path-based false paths. As a result, actual path counts may be lower than reported.


+-----------------------------------------------------------------------------------------+
; Recovery Transfers                                                                      ;
+---------------------+---------------------+------------+----------+----------+----------+
; From Clock          ; To Clock            ; RR Paths   ; FR Paths ; RF Paths ; FF Paths ;
+---------------------+---------------------+------------+----------+----------+----------+
; altera_reserved_tck ; altera_reserved_tck ; 237        ; 0        ; 1        ; 0        ;
; altera_reserved_tck ; clk                 ; false path ; 0        ; 0        ; 0        ;
+---------------------+---------------------+------------+----------+----------+----------+
Entries labeled "false path" only account for clock-to-clock false paths and not path-based false paths. As a result, actual path counts may be lower than reported.


+-----------------------------------------------------------------------------------------+
; Removal Transfers                                                                       ;
+---------------------+---------------------+------------+----------+----------+----------+
; From Clock          ; To Clock            ; RR Paths   ; FR Paths ; RF Paths ; FF Paths ;
+---------------------+---------------------+------------+----------+----------+----------+
; altera_reserved_tck ; altera_reserved_tck ; 237        ; 0        ; 1        ; 0        ;
; altera_reserved_tck ; clk                 ; false path ; 0        ; 0        ; 0        ;
+---------------------+---------------------+------------+----------+----------+----------+
Entries labeled "false path" only account for clock-to-clock false paths and not path-based false paths. As a result, actual path counts may be lower than reported.


---------------
; Report TCCS ;
---------------
No dedicated SERDES Transmitter circuitry present in device or used in design


---------------
; Report RSKM ;
---------------
No non-DPA dedicated SERDES Receiver circuitry present in device or used in design


+------------------------------------------------+
; Unconstrained Paths Summary                    ;
+---------------------------------+-------+------+
; Property                        ; Setup ; Hold ;
+---------------------------------+-------+------+
; Illegal Clocks                  ; 0     ; 0    ;
; Unconstrained Clocks            ; 0     ; 0    ;
; Unconstrained Input Ports       ; 2     ; 2    ;
; Unconstrained Input Port Paths  ; 49    ; 49   ;
; Unconstrained Output Ports      ; 1     ; 1    ;
; Unconstrained Output Port Paths ; 1     ; 1    ;
+---------------------------------+-------+------+


+---------------------------------------------------------------------------------------------------------------------------------------+
; Clock Status Summary                                                                                                                  ;
+------------------------------------------------------+------------------------------------------------------+-----------+-------------+
; Target                                               ; Clock                                                ; Type      ; Status      ;
+------------------------------------------------------+------------------------------------------------------+-----------+-------------+
; altera_reserved_tck                                  ; altera_reserved_tck                                  ; Base      ; Constrained ;
; clk                                                  ; clk                                                  ; Base      ; Constrained ;
; tx_pll_c|altpll_component|auto_generated|pll1|clk[0] ; tx_pll_c|altpll_component|auto_generated|pll1|clk[0] ; Generated ; Constrained ;
; tx_pll_c|altpll_component|auto_generated|pll1|clk[1] ; tx_pll_c|altpll_component|auto_generated|pll1|clk[1] ; Generated ; Constrained ;
+------------------------------------------------------+------------------------------------------------------+-----------+-------------+


+------------------------------------------------------------------------------------------------------------+
; Unconstrained Input Ports                                                                                  ;
+---------------------+--------------------------------------------------------------------------------------+
; Input Port          ; Comment                                                                              ;
+---------------------+--------------------------------------------------------------------------------------+
; altera_reserved_tdi ; No input delay, min/max delays, false-path exceptions, or max skew assignments found ;
; altera_reserved_tms ; No input delay, min/max delays, false-path exceptions, or max skew assignments found ;
+---------------------+--------------------------------------------------------------------------------------+


+-------------------------------------------------------------------------------------------------------------+
; Unconstrained Output Ports                                                                                  ;
+---------------------+---------------------------------------------------------------------------------------+
; Output Port         ; Comment                                                                               ;
+---------------------+---------------------------------------------------------------------------------------+
; altera_reserved_tdo ; No output delay, min/max delays, false-path exceptions, or max skew assignments found ;
+---------------------+---------------------------------------------------------------------------------------+


+------------------------------------------------------------------------------------------------------------+
; Unconstrained Input Ports                                                                                  ;
+---------------------+--------------------------------------------------------------------------------------+
; Input Port          ; Comment                                                                              ;
+---------------------+--------------------------------------------------------------------------------------+
; altera_reserved_tdi ; No input delay, min/max delays, false-path exceptions, or max skew assignments found ;
; altera_reserved_tms ; No input delay, min/max delays, false-path exceptions, or max skew assignments found ;
+---------------------+--------------------------------------------------------------------------------------+


+-------------------------------------------------------------------------------------------------------------+
; Unconstrained Output Ports                                                                                  ;
+---------------------+---------------------------------------------------------------------------------------+
; Output Port         ; Comment                                                                               ;
+---------------------+---------------------------------------------------------------------------------------+
; altera_reserved_tdo ; No output delay, min/max delays, false-path exceptions, or max skew assignments found ;
+---------------------+---------------------------------------------------------------------------------------+


+------------------------------------+
; TimeQuest Timing Analyzer Messages ;
+------------------------------------+
Info: *******************************************************************
Info: Running Quartus Prime TimeQuest Timing Analyzer
    Info: Version 15.1.0 Build 185 10/21/2015 SJ Lite Edition
    Info: Processing started: Tue Jul 03 01:19:12 2018
Info: Command: quartus_sta BA1533_TX -c BA1533_TX
Info: qsta_default_script.tcl version: #1
Info (20030): Parallel compilation is enabled and will use 2 of the 2 processors detected
Info (21077): Low junction temperature is 0 degrees C
Info (21077): High junction temperature is 85 degrees C
Info (332164): Evaluating HDL-embedded SDC commands
    Info (332165): Entity sld_hub
        Info (332166): create_clock -name altera_reserved_tck [get_ports {altera_reserved_tck}] -period 10MHz   
        Info (332166): set_clock_groups -asynchronous -group {altera_reserved_tck}
Info (332104): Reading SDC File: 'BA1533_TX.out.sdc'
Info (332110): Deriving PLL clocks
    Info (332110): create_generated_clock -source {tx_pll_c|altpll_component|auto_generated|pll1|inclk[0]} -divide_by 2 -duty_cycle 50.00 -name {tx_pll_c|altpll_component|auto_generated|pll1|clk[0]} {tx_pll_c|altpll_component|auto_generated|pll1|clk[0]}
    Info (332110): create_generated_clock -source {tx_pll_c|altpll_component|auto_generated|pll1|inclk[0]} -divide_by 50 -multiply_by 9 -duty_cycle 50.00 -name {tx_pll_c|altpll_component|auto_generated|pll1|clk[1]} {tx_pll_c|altpll_component|auto_generated|pll1|clk[1]}
Info (332151): Clock uncertainty is not calculated until you update the timing netlist.
Info (332097): The following timing edges are non-unate.  TimeQuest will assume pos-unate behavior for these edges in the clock network.
    Info (332098): Cell: altera_internal_jtag  from: tck  to: tckutap
Info (332123): Deriving Clock Uncertainty. Please refer to report_sdc in TimeQuest to see clock uncertainties.
Warning (332056): PLL cross checking found inconsistent PLL clock settings:
    Warning (332056): Clock: tx_pll_c|altpll_component|auto_generated|pll1|clk[0] with master clock period: 10.000 found on PLL node: tx_pll_c|altpll_component|auto_generated|pll1|clk[0] does not match the master clock period requirement: 20.000
    Warning (332056): Clock: tx_pll_c|altpll_component|auto_generated|pll1|clk[1] with master clock period: 10.000 found on PLL node: tx_pll_c|altpll_component|auto_generated|pll1|clk[1] does not match the master clock period requirement: 20.000
Info: Found TIMEQUEST_REPORT_SCRIPT_INCLUDE_DEFAULT_ANALYSIS = ON
Info: Analyzing Slow 1200mV 85C Model
Info: Can't run Report Timing Closure Recommendations. The current device family is not supported.
Critical Warning (332148): Timing requirements not met
Info (332146): Worst-case setup slack is -4.138
    Info (332119):     Slack       End Point TNS Clock 
    Info (332119): ========= =================== =====================
    Info (332119):    -4.138            -270.819 clk 
    Info (332119):    11.781               0.000 tx_pll_c|altpll_component|auto_generated|pll1|clk[0] 
    Info (332119):    39.616               0.000 tx_pll_c|altpll_component|auto_generated|pll1|clk[1] 
    Info (332119):    42.569               0.000 altera_reserved_tck 
Info (332146): Worst-case hold slack is -4.221
    Info (332119):     Slack       End Point TNS Clock 
    Info (332119): ========= =================== =====================
    Info (332119):    -4.221             -16.636 clk 
    Info (332119):     0.323               0.000 altera_reserved_tck 
    Info (332119):     0.326               0.000 tx_pll_c|altpll_component|auto_generated|pll1|clk[1] 
    Info (332119):     0.331               0.000 tx_pll_c|altpll_component|auto_generated|pll1|clk[0] 
Info (332146): Worst-case recovery slack is 47.874
    Info (332119):     Slack       End Point TNS Clock 
    Info (332119): ========= =================== =====================
    Info (332119):    47.874               0.000 altera_reserved_tck 
Info (332146): Worst-case removal slack is 0.854
    Info (332119):     Slack       End Point TNS Clock 
    Info (332119): ========= =================== =====================
    Info (332119):     0.854               0.000 altera_reserved_tck 
Info (332146): Worst-case minimum pulse width slack is 4.532
    Info (332119):     Slack       End Point TNS Clock 
    Info (332119): ========= =================== =====================
    Info (332119):     4.532               0.000 clk 
    Info (332119):     9.658               0.000 tx_pll_c|altpll_component|auto_generated|pll1|clk[0] 
    Info (332119):    27.503               0.000 tx_pll_c|altpll_component|auto_generated|pll1|clk[1] 
    Info (332119):    49.496               0.000 altera_reserved_tck 
Info (332114): Report Metastability: Found 40 synchronizer chains.
    Info (332114): The design MTBF is not calculated because there are no specified synchronizers in the design.
    Info (332114): Number of Synchronizer Chains Found: 40
    Info (332114): Shortest Synchronizer Chain: 4 Registers
    Info (332114): Fraction of Chains for which MTBFs Could Not be Calculated: 1.000
    Info (332114): Worst Case Available Settling Time: 35.036 ns
    Info (332114): 
Info: Analyzing Slow 1200mV 0C Model
Info (334003): Started post-fitting delay annotation
Warning (334000): Timing characteristics of device 10M50DAF484C6GES are preliminary
Info (334004): Delay annotation completed successfully
Info (332097): The following timing edges are non-unate.  TimeQuest will assume pos-unate behavior for these edges in the clock network.
    Info (332098): Cell: altera_internal_jtag  from: tck  to: tckutap
Info (332123): Deriving Clock Uncertainty. Please refer to report_sdc in TimeQuest to see clock uncertainties.
Warning (332056): PLL cross checking found inconsistent PLL clock settings:
    Warning (332056): Clock: tx_pll_c|altpll_component|auto_generated|pll1|clk[0] with master clock period: 10.000 found on PLL node: tx_pll_c|altpll_component|auto_generated|pll1|clk[0] does not match the master clock period requirement: 20.000
    Warning (332056): Clock: tx_pll_c|altpll_component|auto_generated|pll1|clk[1] with master clock period: 10.000 found on PLL node: tx_pll_c|altpll_component|auto_generated|pll1|clk[1] does not match the master clock period requirement: 20.000
Critical Warning (332148): Timing requirements not met
Info (332146): Worst-case setup slack is -4.041
    Info (332119):     Slack       End Point TNS Clock 
    Info (332119): ========= =================== =====================
    Info (332119):    -4.041            -267.960 clk 
    Info (332119):    12.391               0.000 tx_pll_c|altpll_component|auto_generated|pll1|clk[0] 
    Info (332119):    40.859               0.000 tx_pll_c|altpll_component|auto_generated|pll1|clk[1] 
    Info (332119):    43.251               0.000 altera_reserved_tck 
Info (332146): Worst-case hold slack is -3.411
    Info (332119):     Slack       End Point TNS Clock 
    Info (332119): ========= =================== =====================
    Info (332119):    -3.411             -13.389 clk 
    Info (332119):     0.293               0.000 altera_reserved_tck 
    Info (332119):     0.296               0.000 tx_pll_c|altpll_component|auto_generated|pll1|clk[1] 
    Info (332119):     0.299               0.000 tx_pll_c|altpll_component|auto_generated|pll1|clk[0] 
Info (332146): Worst-case recovery slack is 48.073
    Info (332119):     Slack       End Point TNS Clock 
    Info (332119): ========= =================== =====================
    Info (332119):    48.073               0.000 altera_reserved_tck 
Info (332146): Worst-case removal slack is 0.785
    Info (332119):     Slack       End Point TNS Clock 
    Info (332119): ========= =================== =====================
    Info (332119):     0.785               0.000 altera_reserved_tck 
Info (332146): Worst-case minimum pulse width slack is 4.558
    Info (332119):     Slack       End Point TNS Clock 
    Info (332119): ========= =================== =====================
    Info (332119):     4.558               0.000 clk 
    Info (332119):     9.672               0.000 tx_pll_c|altpll_component|auto_generated|pll1|clk[0] 
    Info (332119):    27.490               0.000 tx_pll_c|altpll_component|auto_generated|pll1|clk[1] 
    Info (332119):    49.516               0.000 altera_reserved_tck 
Info (332114): Report Metastability: Found 40 synchronizer chains.
    Info (332114): The design MTBF is not calculated because there are no specified synchronizers in the design.
    Info (332114): Number of Synchronizer Chains Found: 40
    Info (332114): Shortest Synchronizer Chain: 4 Registers
    Info (332114): Fraction of Chains for which MTBFs Could Not be Calculated: 1.000
    Info (332114): Worst Case Available Settling Time: 35.467 ns
    Info (332114): 
Info: Analyzing Fast 1200mV 0C Model
Info (332097): The following timing edges are non-unate.  TimeQuest will assume pos-unate behavior for these edges in the clock network.
    Info (332098): Cell: altera_internal_jtag  from: tck  to: tckutap
Info (332123): Deriving Clock Uncertainty. Please refer to report_sdc in TimeQuest to see clock uncertainties.
Warning (332056): PLL cross checking found inconsistent PLL clock settings:
    Warning (332056): Clock: tx_pll_c|altpll_component|auto_generated|pll1|clk[0] with master clock period: 10.000 found on PLL node: tx_pll_c|altpll_component|auto_generated|pll1|clk[0] does not match the master clock period requirement: 20.000
    Warning (332056): Clock: tx_pll_c|altpll_component|auto_generated|pll1|clk[1] with master clock period: 10.000 found on PLL node: tx_pll_c|altpll_component|auto_generated|pll1|clk[1] does not match the master clock period requirement: 20.000
Critical Warning (332148): Timing requirements not met
Info (332146): Worst-case setup slack is -2.053
    Info (332119):     Slack       End Point TNS Clock 
    Info (332119): ========= =================== =====================
    Info (332119):    -2.053            -127.008 clk 
    Info (332119):    15.451               0.000 tx_pll_c|altpll_component|auto_generated|pll1|clk[0] 
    Info (332119):    46.554               0.000 altera_reserved_tck 
    Info (332119):    46.853               0.000 tx_pll_c|altpll_component|auto_generated|pll1|clk[1] 
Info (332146): Worst-case hold slack is -2.100
    Info (332119):     Slack       End Point TNS Clock 
    Info (332119): ========= =================== =====================
    Info (332119):    -2.100              -8.296 clk 
    Info (332119):     0.147               0.000 altera_reserved_tck 
    Info (332119):     0.149               0.000 tx_pll_c|altpll_component|auto_generated|pll1|clk[1] 
    Info (332119):     0.152               0.000 tx_pll_c|altpll_component|auto_generated|pll1|clk[0] 
Info (332146): Worst-case recovery slack is 49.199
    Info (332119):     Slack       End Point TNS Clock 
    Info (332119): ========= =================== =====================
    Info (332119):    49.199               0.000 altera_reserved_tck 
Info (332146): Worst-case removal slack is 0.405
    Info (332119):     Slack       End Point TNS Clock 
    Info (332119): ========= =================== =====================
    Info (332119):     0.405               0.000 altera_reserved_tck 
Info (332146): Worst-case minimum pulse width slack is 4.406
    Info (332119):     Slack       End Point TNS Clock 
    Info (332119): ========= =================== =====================
    Info (332119):     4.406               0.000 clk 
    Info (332119):     9.716               0.000 tx_pll_c|altpll_component|auto_generated|pll1|clk[0] 
    Info (332119):    27.554               0.000 tx_pll_c|altpll_component|auto_generated|pll1|clk[1] 
    Info (332119):    49.386               0.000 altera_reserved_tck 
Info (332114): Report Metastability: Found 40 synchronizer chains.
    Info (332114): The design MTBF is not calculated because there are no specified synchronizers in the design.
    Info (332114): Number of Synchronizer Chains Found: 40
    Info (332114): Shortest Synchronizer Chain: 4 Registers
    Info (332114): Fraction of Chains for which MTBFs Could Not be Calculated: 1.000
    Info (332114): Worst Case Available Settling Time: 37.605 ns
    Info (332114): 
Info (332102): Design is not fully constrained for setup requirements
Info (332102): Design is not fully constrained for hold requirements
Info: Quartus Prime TimeQuest Timing Analyzer was successful. 0 errors, 13 warnings
    Info: Peak virtual memory: 5030 megabytes
    Info: Processing ended: Tue Jul 03 01:19:18 2018
    Info: Elapsed time: 00:00:06
    Info: Total CPU time (on all processors): 00:00:05


