------------------------------------------------------------
TimeQuest Timing Analyzer Summary
------------------------------------------------------------

Type  : Slow 1200mV 85C Model Setup 'clk'
Slack : -4.138
TNS   : -270.819

Type  : Slow 1200mV 85C Model Setup 'tx_pll_c|altpll_component|auto_generated|pll1|clk[0]'
Slack : 11.781
TNS   : 0.000

Type  : Slow 1200mV 85C Model Setup 'tx_pll_c|altpll_component|auto_generated|pll1|clk[1]'
Slack : 39.616
TNS   : 0.000

Type  : Slow 1200mV 85C Model Setup 'altera_reserved_tck'
Slack : 42.569
TNS   : 0.000

Type  : Slow 1200mV 85C Model Hold 'clk'
Slack : -4.221
TNS   : -16.636

Type  : Slow 1200mV 85C Model Hold 'altera_reserved_tck'
Slack : 0.323
TNS   : 0.000

Type  : Slow 1200mV 85C Model Hold 'tx_pll_c|altpll_component|auto_generated|pll1|clk[1]'
Slack : 0.326
TNS   : 0.000

Type  : Slow 1200mV 85C Model Hold 'tx_pll_c|altpll_component|auto_generated|pll1|clk[0]'
Slack : 0.331
TNS   : 0.000

Type  : Slow 1200mV 85C Model Recovery 'altera_reserved_tck'
Slack : 47.874
TNS   : 0.000

Type  : Slow 1200mV 85C Model Removal 'altera_reserved_tck'
Slack : 0.854
TNS   : 0.000

Type  : Slow 1200mV 85C Model Minimum Pulse Width 'clk'
Slack : 4.532
TNS   : 0.000

Type  : Slow 1200mV 85C Model Minimum Pulse Width 'tx_pll_c|altpll_component|auto_generated|pll1|clk[0]'
Slack : 9.658
TNS   : 0.000

Type  : Slow 1200mV 85C Model Minimum Pulse Width 'tx_pll_c|altpll_component|auto_generated|pll1|clk[1]'
Slack : 27.503
TNS   : 0.000

Type  : Slow 1200mV 85C Model Minimum Pulse Width 'altera_reserved_tck'
Slack : 49.496
TNS   : 0.000

Type  : Slow 1200mV 0C Model Setup 'clk'
Slack : -4.041
TNS   : -267.960

Type  : Slow 1200mV 0C Model Setup 'tx_pll_c|altpll_component|auto_generated|pll1|clk[0]'
Slack : 12.391
TNS   : 0.000

Type  : Slow 1200mV 0C Model Setup 'tx_pll_c|altpll_component|auto_generated|pll1|clk[1]'
Slack : 40.859
TNS   : 0.000

Type  : Slow 1200mV 0C Model Setup 'altera_reserved_tck'
Slack : 43.251
TNS   : 0.000

Type  : Slow 1200mV 0C Model Hold 'clk'
Slack : -3.411
TNS   : -13.389

Type  : Slow 1200mV 0C Model Hold 'altera_reserved_tck'
Slack : 0.293
TNS   : 0.000

Type  : Slow 1200mV 0C Model Hold 'tx_pll_c|altpll_component|auto_generated|pll1|clk[1]'
Slack : 0.296
TNS   : 0.000

Type  : Slow 1200mV 0C Model Hold 'tx_pll_c|altpll_component|auto_generated|pll1|clk[0]'
Slack : 0.299
TNS   : 0.000

Type  : Slow 1200mV 0C Model Recovery 'altera_reserved_tck'
Slack : 48.073
TNS   : 0.000

Type  : Slow 1200mV 0C Model Removal 'altera_reserved_tck'
Slack : 0.785
TNS   : 0.000

Type  : Slow 1200mV 0C Model Minimum Pulse Width 'clk'
Slack : 4.558
TNS   : 0.000

Type  : Slow 1200mV 0C Model Minimum Pulse Width 'tx_pll_c|altpll_component|auto_generated|pll1|clk[0]'
Slack : 9.672
TNS   : 0.000

Type  : Slow 1200mV 0C Model Minimum Pulse Width 'tx_pll_c|altpll_component|auto_generated|pll1|clk[1]'
Slack : 27.490
TNS   : 0.000

Type  : Slow 1200mV 0C Model Minimum Pulse Width 'altera_reserved_tck'
Slack : 49.516
TNS   : 0.000

Type  : Fast 1200mV 0C Model Setup 'clk'
Slack : -2.053
TNS   : -127.008

Type  : Fast 1200mV 0C Model Setup 'tx_pll_c|altpll_component|auto_generated|pll1|clk[0]'
Slack : 15.451
TNS   : 0.000

Type  : Fast 1200mV 0C Model Setup 'altera_reserved_tck'
Slack : 46.554
TNS   : 0.000

Type  : Fast 1200mV 0C Model Setup 'tx_pll_c|altpll_component|auto_generated|pll1|clk[1]'
Slack : 46.853
TNS   : 0.000

Type  : Fast 1200mV 0C Model Hold 'clk'
Slack : -2.100
TNS   : -8.296

Type  : Fast 1200mV 0C Model Hold 'altera_reserved_tck'
Slack : 0.147
TNS   : 0.000

Type  : Fast 1200mV 0C Model Hold 'tx_pll_c|altpll_component|auto_generated|pll1|clk[1]'
Slack : 0.149
TNS   : 0.000

Type  : Fast 1200mV 0C Model Hold 'tx_pll_c|altpll_component|auto_generated|pll1|clk[0]'
Slack : 0.152
TNS   : 0.000

Type  : Fast 1200mV 0C Model Recovery 'altera_reserved_tck'
Slack : 49.199
TNS   : 0.000

Type  : Fast 1200mV 0C Model Removal 'altera_reserved_tck'
Slack : 0.405
TNS   : 0.000

Type  : Fast 1200mV 0C Model Minimum Pulse Width 'clk'
Slack : 4.406
TNS   : 0.000

Type  : Fast 1200mV 0C Model Minimum Pulse Width 'tx_pll_c|altpll_component|auto_generated|pll1|clk[0]'
Slack : 9.716
TNS   : 0.000

Type  : Fast 1200mV 0C Model Minimum Pulse Width 'tx_pll_c|altpll_component|auto_generated|pll1|clk[1]'
Slack : 27.554
TNS   : 0.000

Type  : Fast 1200mV 0C Model Minimum Pulse Width 'altera_reserved_tck'
Slack : 49.386
TNS   : 0.000

------------------------------------------------------------
