PowerPlay Power Analyzer report for BA1533_TX
Wed Jul 04 17:48:25 2018
Quartus Prime Version 15.1.0 Build 185 10/21/2015 SJ Lite Edition


---------------------
; Table of Contents ;
---------------------
  1. Legal Notice
  2. Parallel Compilation
  3. PowerPlay Power Analyzer Summary
  4. PowerPlay Power Analyzer Settings
  5. Indeterminate Toggle Rates
  6. Operating Conditions Used
  7. Thermal Power Dissipation by Block
  8. Thermal Power Dissipation by Block Type
  9. Thermal Power Dissipation by Hierarchy
 10. Core Dynamic Thermal Power Dissipation by Clock Domain
 11. Current Drawn from Voltage Supplies Summary
 12. VCCIO Supply Current Drawn by I/O Bank
 13. VCCIO Supply Current Drawn by Voltage
 14. Confidence Metric Details
 15. Signal Activities
 16. PowerPlay Power Analyzer Messages



----------------
; Legal Notice ;
----------------
Copyright (C) 1991-2015 Altera Corporation. All rights reserved.
Your use of Altera Corporation's design tools, logic functions 
and other software and tools, and its AMPP partner logic 
functions, and any output files from any of the foregoing 
(including device programming or simulation files), and any 
associated documentation or information are expressly subject 
to the terms and conditions of the Altera Program License 
Subscription Agreement, the Altera Quartus Prime License Agreement,
the Altera MegaCore Function License Agreement, or other 
applicable license agreement, including, without limitation, 
that your use is for the sole purpose of programming logic 
devices manufactured by Altera and sold by Altera or its 
authorized distributors.  Please refer to the applicable 
agreement for further details.



+------------------------------------------+
; Parallel Compilation                     ;
+----------------------------+-------------+
; Processors                 ; Number      ;
+----------------------------+-------------+
; Number detected on machine ; 4           ;
; Maximum allowed            ; 2           ;
;                            ;             ;
; Average used               ; 1.00        ;
; Maximum used               ; 2           ;
;                            ;             ;
; Usage by Processor         ; % Time Used ;
;     Processor 1            ; 100.0%      ;
;     Processor 2            ; < 0.1%      ;
+----------------------------+-------------+


+-------------------------------------------------------------------------------------------+
; PowerPlay Power Analyzer Summary                                                          ;
+----------------------------------------+--------------------------------------------------+
; PowerPlay Power Analyzer Status        ; Successful - Wed Jul 04 17:48:25 2018            ;
; Quartus Prime Version                  ; 15.1.0 Build 185 10/21/2015 SJ Lite Edition      ;
; Revision Name                          ; BA1533_TX                                        ;
; Top-level Entity Name                  ; BA1533_TX                                        ;
; Family                                 ; MAX 10                                           ;
; Device                                 ; 10M08SAU169I7G                                   ;
; Power Models                           ; Final                                            ;
; Total Thermal Power Dissipation        ; 155.76 mW                                        ;
; Core Dynamic Thermal Power Dissipation ; 29.75 mW                                         ;
; Core Static Thermal Power Dissipation  ; 121.09 mW                                        ;
; I/O Thermal Power Dissipation          ; 4.92 mW                                          ;
; Power Estimation Confidence            ; Low: user provided insufficient toggle rate data ;
+----------------------------------------+--------------------------------------------------+


+------------------------------------------------------------------------------------------------------------------------------------+
; PowerPlay Power Analyzer Settings                                                                                                  ;
+----------------------------------------------------------------------------+---------------------------------------+---------------+
; Option                                                                     ; Setting                               ; Default Value ;
+----------------------------------------------------------------------------+---------------------------------------+---------------+
; Use smart compilation                                                      ; Off                                   ; Off           ;
; Enable parallel Assembler and TimeQuest Timing Analyzer during compilation ; On                                    ; On            ;
; Enable compact report table                                                ; Off                                   ; Off           ;
; Default Power Toggle Rate                                                  ; 12.5%                                 ; 12.5%         ;
; Default Power Input I/O Toggle Rate                                        ; 12.5%                                 ; 12.5%         ;
; Use vectorless estimation                                                  ; Off                                   ; On            ;
; Preset Cooling Solution                                                    ; 23 MM HEAT SINK WITH 200 LFPM AIRFLOW ;               ;
; Board thermal model                                                        ; None (CONSERVATIVE)                   ;               ;
; Use Input Files                                                            ; Off                                   ; Off           ;
; Filter Glitches in VCD File Reader                                         ; On                                    ; On            ;
; Power Analyzer Report Signal Activity                                      ; Off                                   ; Off           ;
; Power Analyzer Report Power Dissipation                                    ; Off                                   ; Off           ;
; Device Power Characteristics                                               ; TYPICAL                               ; TYPICAL       ;
; Automatically Compute Junction Temperature                                 ; On                                    ; On            ;
; Specified Junction Temperature                                             ; 25                                    ; 25            ;
; Ambient Temperature                                                        ; 25                                    ; 25            ;
; Use Custom Cooling Solution                                                ; Off                                   ; Off           ;
; Board Temperature                                                          ; 25                                    ; 25            ;
+----------------------------------------------------------------------------+---------------------------------------+---------------+


+--------------------------------------------------------------------------------------------------------------------+
; Indeterminate Toggle Rates                                                                                         ;
+--------------------------------------------------------------------------------------+-----------------------------+
; Node                                                                                 ; Reason                      ;
+--------------------------------------------------------------------------------------+-----------------------------+
; tx_pll:tx_pll_c|altpll:altpll_component|tx_pll_altpll:auto_generated|wire_pll1_fbout ; No valid clock domain found ;
; led1                                                                                 ; No valid clock domain found ;
; led2                                                                                 ; No valid clock domain found ;
; UART_RXD                                                                             ; No valid clock domain found ;
+--------------------------------------------------------------------------------------+-----------------------------+


+--------------------------------------------------------------------------+
; Operating Conditions Used                                                ;
+---------------------------------------------+----------------------------+
; Setting                                     ; Value                      ;
+---------------------------------------------+----------------------------+
; Device power characteristics                ; Typical                    ;
;                                             ;                            ;
; Voltages                                    ;                            ;
;     VCCA                                    ; 3.00 V                     ;
;     VCC_ONE                                 ; 3.00 V                     ;
;     2.5 V I/O Standard                      ; 2.5 V                      ;
;     2.5 V Schmitt Trigger I/O Standard      ; 2.5 V                      ;
;                                             ;                            ;
; Auto computed junction temperature          ; 28.0 degrees Celsius       ;
;     Ambient temperature                     ; 25.0 degrees Celsius       ;
;     Junction-to-Case thermal resistance     ; 11.20 degrees Celsius/Watt ;
;     Case-to-Heat Sink thermal resistance    ; 0.10 degrees Celsius/Watt  ;
;     Heat Sink-to-Ambient thermal resistance ; 8.20 degrees Celsius/Watt  ;
;                                             ;                            ;
; Board model used                            ; None                       ;
+---------------------------------------------+----------------------------+


+----------------------------------------------------------------------------------------------------------------------------------------------+
; Thermal Power Dissipation by Block                                                                                                           ;
+------------+------------+---------------------+-----------------------------+--------------------------------+-------------------------------+
; Block Name ; Block Type ; Total Thermal Power ; Block Thermal Dynamic Power ; Block Thermal Static Power (1) ; Routing Thermal Dynamic Power ;
+------------+------------+---------------------+-----------------------------+--------------------------------+-------------------------------+
(1) The "Thermal Power Dissipation by Block" Table has been hidden. To show this table, please select the "Write power dissipation by block to report file" option under "PowerPlay Power Analyzer Settings".


+--------------------------------------------------------------------------------------------------------------------------------------------------------------------------------------------------------------------+
; Thermal Power Dissipation by Block Type                                                                                                                                                                            ;
+---------------------+-----------------------------------+-----------------------------+--------------------------------+-------------------------------+-----------------------------------------------------------+
; Block Type          ; Total Thermal Power by Block Type ; Block Thermal Dynamic Power ; Block Thermal Static Power (1) ; Routing Thermal Dynamic Power ; Block Average Toggle Rate (millions of transitions / sec) ;
+---------------------+-----------------------------------+-----------------------------+--------------------------------+-------------------------------+-----------------------------------------------------------+
; PLL                 ; 14.33 mW                          ; 14.33 mW                    ; --                             ; 0.00 mW                       ;   22.000                                                  ;
; M9K                 ; 0.31 mW                           ; 0.31 mW                     ; --                             ; 0.00 mW                       ;    3.125                                                  ;
; Combinational cell  ; 0.06 mW                           ; 0.03 mW                     ; --                             ; 0.03 mW                       ;    2.105                                                  ;
; Clock control block ; 1.75 mW                           ; 0.00 mW                     ; --                             ; 1.75 mW                       ;   88.667                                                  ;
; Register cell       ; 0.15 mW                           ; 0.12 mW                     ; --                             ; 0.03 mW                       ;    2.244                                                  ;
; I/O register        ; 0.02 mW                           ; 0.02 mW                     ; --                             ; 0.00 mW                       ;    3.125                                                  ;
; I/O                 ; 0.52 mW                           ; 0.46 mW                     ; 0.06 mW                        ; 0.00 mW                       ;   12.883                                                  ;
; Voltage Regulator   ; 13.91 mW                          ; 13.15 mW                    ; 0.76 mW                        ; --                            ; --                                                        ;
+---------------------+-----------------------------------+-----------------------------+--------------------------------+-------------------------------+-----------------------------------------------------------+
(1) The "Block Thermal Static Power" for all block types except Pins and the Voltage Regulator, if one exists, is part of the "Core Static Thermal Power Dissipation" value found on the PowerPlay Power Analyzer-->Summary report panel. The "Core Static Thermal Power Dissipation" also contains the thermal static power dissipated by the routing.


+-----------------------------------------------------------------------------------------------------------------------------------------------------------------------------------------------------------------------------------------------------------------------------------------------------------------------------------------------------------------------------------------------------------------------------------------------------------------+
; Thermal Power Dissipation by Hierarchy                                                                                                                                                                                                                                                                                                                                                                                                                          ;
+--------------------------------------------------------------------+--------------------------------------+---------------------------------+-----------------------------------+-----------------------------------+-------------------------------------------------------------------------------------------------------------------------------------------------------------------------------------------------------------------------------------------+
; Compilation Hierarchy Node                                         ; Total Thermal Power by Hierarchy (1) ; Block Thermal Dynamic Power (1) ; Block Thermal Static Power (1)(2) ; Routing Thermal Dynamic Power (1) ; Full Hierarchy Name                                                                                                                                                                                                                       ;
+--------------------------------------------------------------------+--------------------------------------+---------------------------------+-----------------------------------+-----------------------------------+-------------------------------------------------------------------------------------------------------------------------------------------------------------------------------------------------------------------------------------------+
; |BA1533_TX                                                         ; 31.05 mW (15.49 mW)                  ; 28.42 mW (13.61 mW)             ; 0.82 mW (0.82 mW)                 ; 1.81 mW (1.05 mW)                 ; |BA1533_TX                                                                                                                                                                                                                                ;
;     |hard_block:auto_generated_inst                                ; 0.00 mW (0.00 mW)                    ; 0.00 mW (0.00 mW)               ; --                                ; 0.00 mW (0.00 mW)                 ; |BA1533_TX|hard_block:auto_generated_inst                                                                                                                                                                                                 ;
;     |tx:tx_c                                                       ; 0.03 mW (0.03 mW)                    ; 0.02 mW (0.02 mW)               ; --                                ; 0.01 mW (0.01 mW)                 ; |BA1533_TX|tx:tx_c                                                                                                                                                                                                                        ;
;     |tx_pll:tx_pll_c                                               ; 15.04 mW (0.00 mW)                   ; 14.33 mW (0.00 mW)              ; --                                ; 0.71 mW (0.00 mW)                 ; |BA1533_TX|tx_pll:tx_pll_c                                                                                                                                                                                                                ;
;         |altpll:altpll_component                                   ; 15.04 mW (0.00 mW)                   ; 14.33 mW (0.00 mW)              ; --                                ; 0.71 mW (0.00 mW)                 ; |BA1533_TX|tx_pll:tx_pll_c|altpll:altpll_component                                                                                                                                                                                        ;
;             |tx_pll_altpll:auto_generated                          ; 15.04 mW (15.04 mW)                  ; 14.33 mW (14.33 mW)             ; --                                ; 0.71 mW (0.71 mW)                 ; |BA1533_TX|tx_pll:tx_pll_c|altpll:altpll_component|tx_pll_altpll:auto_generated                                                                                                                                                           ;
;     |uart_control:uart_control_c                                   ; 0.00 mW (0.00 mW)                    ; 0.00 mW (0.00 mW)               ; --                                ; 0.00 mW (0.00 mW)                 ; |BA1533_TX|uart_control:uart_control_c                                                                                                                                                                                                    ;
;     |uart_mcu:uart_mcu_c                                           ; 0.50 mW (0.00 mW)                    ; 0.46 mW (0.00 mW)               ; --                                ; 0.04 mW (0.00 mW)                 ; |BA1533_TX|uart_mcu:uart_mcu_c                                                                                                                                                                                                            ;
;         |uart_mcu_rs232_0:rs232_0                                  ; 0.50 mW (0.00 mW)                    ; 0.46 mW (0.00 mW)               ; --                                ; 0.04 mW (0.00 mW)                 ; |BA1533_TX|uart_mcu:uart_mcu_c|uart_mcu_rs232_0:rs232_0                                                                                                                                                                                   ;
;             |altera_up_rs232_in_deserializer:RS232_In_Deserializer ; 0.00 mW (0.00 mW)                    ; 0.00 mW (0.00 mW)               ; --                                ; 0.00 mW (0.00 mW)                 ; |BA1533_TX|uart_mcu:uart_mcu_c|uart_mcu_rs232_0:rs232_0|altera_up_rs232_in_deserializer:RS232_In_Deserializer                                                                                                                             ;
;                 |altera_up_sync_fifo:RS232_In_FIFO                 ; 0.00 mW (0.00 mW)                    ; 0.00 mW (0.00 mW)               ; --                                ; 0.00 mW (0.00 mW)                 ; |BA1533_TX|uart_mcu:uart_mcu_c|uart_mcu_rs232_0:rs232_0|altera_up_rs232_in_deserializer:RS232_In_Deserializer|altera_up_sync_fifo:RS232_In_FIFO                                                                                           ;
;                     |scfifo:Sync_FIFO                              ; 0.00 mW (0.00 mW)                    ; 0.00 mW (0.00 mW)               ; --                                ; 0.00 mW (0.00 mW)                 ; |BA1533_TX|uart_mcu:uart_mcu_c|uart_mcu_rs232_0:rs232_0|altera_up_rs232_in_deserializer:RS232_In_Deserializer|altera_up_sync_fifo:RS232_In_FIFO|scfifo:Sync_FIFO                                                                          ;
;                         |scfifo_0e31:auto_generated                ; 0.00 mW (0.00 mW)                    ; 0.00 mW (0.00 mW)               ; --                                ; 0.00 mW (0.00 mW)                 ; |BA1533_TX|uart_mcu:uart_mcu_c|uart_mcu_rs232_0:rs232_0|altera_up_rs232_in_deserializer:RS232_In_Deserializer|altera_up_sync_fifo:RS232_In_FIFO|scfifo:Sync_FIFO|scfifo_0e31:auto_generated                                               ;
;                             |a_dpfifo_j531:dpfifo                  ; 0.00 mW (0.00 mW)                    ; 0.00 mW (0.00 mW)               ; --                                ; 0.00 mW (0.00 mW)                 ; |BA1533_TX|uart_mcu:uart_mcu_c|uart_mcu_rs232_0:rs232_0|altera_up_rs232_in_deserializer:RS232_In_Deserializer|altera_up_sync_fifo:RS232_In_FIFO|scfifo:Sync_FIFO|scfifo_0e31:auto_generated|a_dpfifo_j531:dpfifo                          ;
;             |altera_up_rs232_out_serializer:RS232_Out_Serializer   ; 0.50 mW (0.06 mW)                    ; 0.46 mW (0.05 mW)               ; --                                ; 0.04 mW (0.01 mW)                 ; |BA1533_TX|uart_mcu:uart_mcu_c|uart_mcu_rs232_0:rs232_0|altera_up_rs232_out_serializer:RS232_Out_Serializer                                                                                                                               ;
;                 |altera_up_rs232_counters:RS232_Out_Counters       ; 0.05 mW (0.05 mW)                    ; 0.05 mW (0.05 mW)               ; --                                ; 0.01 mW (0.01 mW)                 ; |BA1533_TX|uart_mcu:uart_mcu_c|uart_mcu_rs232_0:rs232_0|altera_up_rs232_out_serializer:RS232_Out_Serializer|altera_up_rs232_counters:RS232_Out_Counters                                                                                   ;
;                 |altera_up_sync_fifo:RS232_Out_FIFO                ; 0.38 mW (0.00 mW)                    ; 0.37 mW (0.00 mW)               ; --                                ; 0.02 mW (0.00 mW)                 ; |BA1533_TX|uart_mcu:uart_mcu_c|uart_mcu_rs232_0:rs232_0|altera_up_rs232_out_serializer:RS232_Out_Serializer|altera_up_sync_fifo:RS232_Out_FIFO                                                                                            ;
;                     |scfifo:Sync_FIFO                              ; 0.38 mW (0.00 mW)                    ; 0.37 mW (0.00 mW)               ; --                                ; 0.02 mW (0.00 mW)                 ; |BA1533_TX|uart_mcu:uart_mcu_c|uart_mcu_rs232_0:rs232_0|altera_up_rs232_out_serializer:RS232_Out_Serializer|altera_up_sync_fifo:RS232_Out_FIFO|scfifo:Sync_FIFO                                                                           ;
;                         |scfifo_0e31:auto_generated                ; 0.38 mW (0.00 mW)                    ; 0.37 mW (0.00 mW)               ; --                                ; 0.02 mW (0.00 mW)                 ; |BA1533_TX|uart_mcu:uart_mcu_c|uart_mcu_rs232_0:rs232_0|altera_up_rs232_out_serializer:RS232_Out_Serializer|altera_up_sync_fifo:RS232_Out_FIFO|scfifo:Sync_FIFO|scfifo_0e31:auto_generated                                                ;
;                             |a_dpfifo_j531:dpfifo                  ; 0.38 mW (0.05 mW)                    ; 0.37 mW (0.03 mW)               ; --                                ; 0.02 mW (0.01 mW)                 ; |BA1533_TX|uart_mcu:uart_mcu_c|uart_mcu_rs232_0:rs232_0|altera_up_rs232_out_serializer:RS232_Out_Serializer|altera_up_sync_fifo:RS232_Out_FIFO|scfifo:Sync_FIFO|scfifo_0e31:auto_generated|a_dpfifo_j531:dpfifo                           ;
;                                 |altsyncram_35b1:FIFOram           ; 0.31 mW (0.31 mW)                    ; 0.31 mW (0.31 mW)               ; --                                ; 0.00 mW (0.00 mW)                 ; |BA1533_TX|uart_mcu:uart_mcu_c|uart_mcu_rs232_0:rs232_0|altera_up_rs232_out_serializer:RS232_Out_Serializer|altera_up_sync_fifo:RS232_Out_FIFO|scfifo:Sync_FIFO|scfifo_0e31:auto_generated|a_dpfifo_j531:dpfifo|altsyncram_35b1:FIFOram   ;
;                                 |cntr_lka:rd_ptr_msb               ; 0.01 mW (0.01 mW)                    ; 0.01 mW (0.01 mW)               ; --                                ; 0.00 mW (0.00 mW)                 ; |BA1533_TX|uart_mcu:uart_mcu_c|uart_mcu_rs232_0:rs232_0|altera_up_rs232_out_serializer:RS232_Out_Serializer|altera_up_sync_fifo:RS232_Out_FIFO|scfifo:Sync_FIFO|scfifo_0e31:auto_generated|a_dpfifo_j531:dpfifo|cntr_lka:rd_ptr_msb       ;
;                                 |cmpr_a78:three_comparison         ; 0.00 mW (0.00 mW)                    ; 0.00 mW (0.00 mW)               ; --                                ; 0.00 mW (0.00 mW)                 ; |BA1533_TX|uart_mcu:uart_mcu_c|uart_mcu_rs232_0:rs232_0|altera_up_rs232_out_serializer:RS232_Out_Serializer|altera_up_sync_fifo:RS232_Out_FIFO|scfifo:Sync_FIFO|scfifo_0e31:auto_generated|a_dpfifo_j531:dpfifo|cmpr_a78:three_comparison ;
;                                 |cntr_2l6:usedw_counter            ; 0.01 mW (0.01 mW)                    ; 0.01 mW (0.01 mW)               ; --                                ; 0.00 mW (0.00 mW)                 ; |BA1533_TX|uart_mcu:uart_mcu_c|uart_mcu_rs232_0:rs232_0|altera_up_rs232_out_serializer:RS232_Out_Serializer|altera_up_sync_fifo:RS232_Out_FIFO|scfifo:Sync_FIFO|scfifo_0e31:auto_generated|a_dpfifo_j531:dpfifo|cntr_2l6:usedw_counter    ;
+--------------------------------------------------------------------+--------------------------------------+---------------------------------+-----------------------------------+-----------------------------------+-------------------------------------------------------------------------------------------------------------------------------------------------------------------------------------------------------------------------------------------+
(1) Value in parentheses is the power consumed at that level of hierarchy. Value not in parentheses is the power consumed at that level of hierarchy plus the power consumed by all levels of hierarchy below it.

(2) The "Block Thermal Static Power" for all levels of hierarchy except the top-level hierarchy is part of the "Core Static Thermal Power Dissipation" value found on the PowerPlay Power Analyzer-->Summary report panel. The "Core Static Thermal Power Dissipation" also contains the thermal static power dissipated by the routing.


+------------------------------------------------------------------------------------------------------------------------------------------+
; Core Dynamic Thermal Power Dissipation by Clock Domain                                                                                   ;
+---------------------------------------------------------------------------------------+-----------------------+--------------------------+
; Clock Domain                                                                          ; Clock Frequency (MHz) ; Total Core Dynamic Power ;
+---------------------------------------------------------------------------------------+-----------------------+--------------------------+
; tx_pll:tx_pll_c|altpll:altpll_component|tx_pll_altpll:auto_generated|wire_pll1_clk[0] ; 25.00                 ; 15.40                    ;
; tx_pll:tx_pll_c|altpll:altpll_component|tx_pll_altpll:auto_generated|wire_pll1_clk[1] ; 8.00                  ; 0.17                     ;
; clk                                                                                   ; 100.00                ; 1.04                     ;
+---------------------------------------------------------------------------------------+-----------------------+--------------------------+


+------------------------------------------------------------------------------------------------------------------------------------+
; Current Drawn from Voltage Supplies Summary                                                                                        ;
+----------------+-------------------------+---------------------------+--------------------------+----------------------------------+
; Voltage Supply ; Total Current Drawn (1) ; Dynamic Current Drawn (1) ; Static Current Drawn (1) ; Minimum Power Supply Current (2) ;
+----------------+-------------------------+---------------------------+--------------------------+----------------------------------+
; VCCIO          ; 1.94 mA                 ; 0.15 mA                   ; 1.79 mA                  ; 1.94 mA                          ;
; VCCA           ; 5.66 mA                 ; 2.63 mA                   ; 3.03 mA                  ; 5.66 mA                          ;
; VCC_ONE        ; 44.65 mA                ; 7.31 mA                   ; 37.34 mA                 ; 44.65 mA                         ;
+----------------+-------------------------+---------------------------+--------------------------+----------------------------------+
(1) Currents reported in columns "Total Current Drawn", "Dynamic Current Drawn", and "Static Current Drawn" are sufficient for user operation of the device.  
(2) Currents reported in column "Minimum Power Supply Current" are sufficient for power-up, configuration, and user operation of the device.


+-----------------------------------------------------------------------------------------------+
; VCCIO Supply Current Drawn by I/O Bank                                                        ;
+----------+---------------+---------------------+-----------------------+----------------------+
; I/O Bank ; VCCIO Voltage ; Total Current Drawn ; Dynamic Current Drawn ; Static Current Drawn ;
+----------+---------------+---------------------+-----------------------+----------------------+
; 1A       ; 2.5V          ; 0.25 mA             ; 0.00 mA               ; 0.25 mA              ;
; 1B       ; 2.5V          ; 0.26 mA             ; 0.00 mA               ; 0.26 mA              ;
; 2        ; 2.5V          ; 0.25 mA             ; 0.00 mA               ; 0.25 mA              ;
; 3        ; 2.5V          ; 0.31 mA             ; 0.04 mA               ; 0.27 mA              ;
; 4        ; --            ; --                  ; --                    ; --                   ;
; 5        ; 2.5V          ; 0.25 mA             ; 0.00 mA               ; 0.25 mA              ;
; 6        ; 2.5V          ; 0.35 mA             ; 0.10 mA               ; 0.25 mA              ;
; 7        ; --            ; --                  ; --                    ; --                   ;
; 8        ; 2.5V          ; 0.27 mA             ; 0.01 mA               ; 0.26 mA              ;
+----------+---------------+---------------------+-----------------------+----------------------+


+-----------------------------------------------------------------------------------------------------------------------------------+
; VCCIO Supply Current Drawn by Voltage                                                                                             ;
+---------------+-------------------------+---------------------------+--------------------------+----------------------------------+
; VCCIO Voltage ; Total Current Drawn (1) ; Dynamic Current Drawn (1) ; Static Current Drawn (1) ; Minimum Power Supply Current (2) ;
+---------------+-------------------------+---------------------------+--------------------------+----------------------------------+
; 2.5V          ; 1.94 mA                 ; 0.15 mA                   ; 1.79 mA                  ; 1.94 mA                          ;
+---------------+-------------------------+---------------------------+--------------------------+----------------------------------+
(1) Currents reported in columns "Total Current Drawn", "Dynamic Current Drawn", and "Static Current Drawn" are sufficient for user operation of the device.  
(2) Currents reported in column "Minimum Power Supply Current" are sufficient for power-up, configuration, and user operation of the device.


+-------------------------------------------------------------------------------------------------------------------------------------------------+
; Confidence Metric Details                                                                                                                       ;
+----------------------------------------------------------------------------------------+-------------+------------+-------------+---------------+
; Data Source                                                                            ; Total       ; Pin        ; Registered  ; Combinational ;
+----------------------------------------------------------------------------------------+-------------+------------+-------------+---------------+
; Simulation (from file)                                                                 ;             ;            ;             ;               ;
;     -- Number of signals with Toggle Rate from Simulation                              ; 0 (0.0%)    ; 0 (0.0%)   ; 0 (0.0%)    ; 0 (0.0%)      ;
;     -- Number of signals with Static Probability from Simulation                       ; 0 (0.0%)    ; 0 (0.0%)   ; 0 (0.0%)    ; 0 (0.0%)      ;
;                                                                                        ;             ;            ;             ;               ;
; Node, entity or clock assignment                                                       ;             ;            ;             ;               ;
;     -- Number of signals with Toggle Rate from Node, entity or clock assignment        ; 6 (2.2%)    ; 1 (6.3%)   ; 0 (0.0%)    ; 5 (2.9%)      ;
;     -- Number of signals with Static Probability from Node, entity or clock assignment ; 6 (2.2%)    ; 1 (6.3%)   ; 0 (0.0%)    ; 5 (2.9%)      ;
;                                                                                        ;             ;            ;             ;               ;
; Vectorless estimation                                                                  ;             ;            ;             ;               ;
;     -- Number of signals with Toggle Rate from Vectorless estimation                   ; 0 (0.0%)    ; 0 (0.0%)   ; 0 (0.0%)    ; 0 (0.0%)      ;
;     -- Number of signals with Static Probability from Vectorless estimation            ; 0 (0.0%)    ; 0 (0.0%)   ; 0 (0.0%)    ; 0 (0.0%)      ;
;                                                                                        ;             ;            ;             ;               ;
; Default assignment                                                                     ;             ;            ;             ;               ;
;     -- Number of signals with Toggle Rate from Default assignment                      ; 250 (92.3%) ; 4 (25.0%)  ; 83 (100.0%) ; 163 (94.8%)   ;
;     -- Number of signals with Static Probability from Default assignment               ; 265 (97.8%) ; 15 (93.8%) ; 83 (100.0%) ; 167 (97.1%)   ;
;                                                                                        ;             ;            ;             ;               ;
; Assumed 0                                                                              ;             ;            ;             ;               ;
;     -- Number of signals with Toggle Rate assumed 0                                    ; 15 (5.5%)   ; 11 (68.8%) ; 0 (0.0%)    ; 4 (2.3%)      ;
+----------------------------------------------------------------------------------------+-------------+------------+-------------+---------------+


+---------------------------------------------------------------------------------------------------------------------------------------------+
; Signal Activities                                                                                                                           ;
+--------+------+---------------------------------------------+-------------------------+--------------------+--------------------------------+
; Signal ; Type ; Toggle Rate (millions of transitions / sec) ; Toggle Rate Data Source ; Static Probability ; Static Probability Data Source ;
+--------+------+---------------------------------------------+-------------------------+--------------------+--------------------------------+
(1) The "Signal Activity" Table has been hidden. To show this table, please select the "Write signal activities to report file" option under "PowerPlay Power Analyzer Settings".


+-----------------------------------+
; PowerPlay Power Analyzer Messages ;
+-----------------------------------+
Info: *******************************************************************
Info: Running Quartus Prime PowerPlay Power Analyzer
    Info: Version 15.1.0 Build 185 10/21/2015 SJ Lite Edition
    Info: Processing started: Wed Jul 04 17:48:22 2018
Info: Command: quartus_pow --read_settings_files=off --write_settings_files=off BA1533_TX -c BA1533_TX
Info (21077): Low junction temperature is -40 degrees C
Info (21077): High junction temperature is 100 degrees C
Info (332104): Reading SDC File: 'BA1533_TX.out.sdc'
Info (332110): Deriving PLL clocks
    Info (332110): create_generated_clock -source {tx_pll_c|altpll_component|auto_generated|pll1|inclk[0]} -divide_by 4 -duty_cycle 50.00 -name {tx_pll_c|altpll_component|auto_generated|pll1|clk[0]} {tx_pll_c|altpll_component|auto_generated|pll1|clk[0]}
    Info (332110): create_generated_clock -source {tx_pll_c|altpll_component|auto_generated|pll1|inclk[0]} -divide_by 25 -multiply_by 2 -duty_cycle 50.00 -name {tx_pll_c|altpll_component|auto_generated|pll1|clk[1]} {tx_pll_c|altpll_component|auto_generated|pll1|clk[1]}
Info (332151): Clock uncertainty is not calculated until you update the timing netlist.
Info (332123): Deriving Clock Uncertainty. Please refer to report_sdc in TimeQuest to see clock uncertainties.
Warning (222013): Relative toggle rates could not be calculated because no clock domain could be identified for some nodes
Info (218000): Using Advanced I/O Power to simulate I/O buffers with the specified board trace model
Info (334003): Started post-fitting delay annotation
Info (334004): Delay annotation completed successfully
Info (215049): Average toggle rate for this design is 4.053 millions of transitions / sec
Info (215031): Total thermal power estimate for the design is 155.76 mW
Info: Quartus Prime PowerPlay Power Analyzer was successful. 0 errors, 1 warning
    Info: Peak virtual memory: 5000 megabytes
    Info: Processing ended: Wed Jul 04 17:48:26 2018
    Info: Elapsed time: 00:00:04
    Info: Total CPU time (on all processors): 00:00:04


