------------------------------------------------------------
TimeQuest Timing Analyzer Summary
------------------------------------------------------------

Type  : Slow 1200mV 100C Model Setup 'clk'
Slack : -1.916
TNS   : -342.918

Type  : Slow 1200mV 100C Model Setup 'rx_pll_c|altpll_component|auto_generated|pll1|clk[2]'
Slack : -0.661
TNS   : -0.661

Type  : Slow 1200mV 100C Model Setup 'rx_pll_c|altpll_component|auto_generated|pll1|clk[1]'
Slack : -0.461
TNS   : -0.527

Type  : Slow 1200mV 100C Model Setup 'rx_pll_c|altpll_component|auto_generated|pll1|clk[0]'
Slack : -0.081
TNS   : -0.219

Type  : Slow 1200mV 100C Model Setup 'altera_reserved_tck'
Slack : 42.256
TNS   : 0.000

Type  : Slow 1200mV 100C Model Hold 'clk'
Slack : 0.239
TNS   : 0.000

Type  : Slow 1200mV 100C Model Hold 'rx_pll_c|altpll_component|auto_generated|pll1|clk[0]'
Slack : 0.275
TNS   : 0.000

Type  : Slow 1200mV 100C Model Hold 'altera_reserved_tck'
Slack : 0.346
TNS   : 0.000

Type  : Slow 1200mV 100C Model Hold 'rx_pll_c|altpll_component|auto_generated|pll1|clk[1]'
Slack : 0.346
TNS   : 0.000

Type  : Slow 1200mV 100C Model Hold 'rx_pll_c|altpll_component|auto_generated|pll1|clk[2]'
Slack : 0.409
TNS   : 0.000

Type  : Slow 1200mV 100C Model Recovery 'altera_reserved_tck'
Slack : 47.977
TNS   : 0.000

Type  : Slow 1200mV 100C Model Removal 'altera_reserved_tck'
Slack : 1.147
TNS   : 0.000

Type  : Slow 1200mV 100C Model Minimum Pulse Width 'clk'
Slack : 4.562
TNS   : 0.000

Type  : Slow 1200mV 100C Model Minimum Pulse Width 'rx_pll_c|altpll_component|auto_generated|pll1|clk[2]'
Slack : 5.288
TNS   : 0.000

Type  : Slow 1200mV 100C Model Minimum Pulse Width 'rx_pll_c|altpll_component|auto_generated|pll1|clk[0]'
Slack : 19.670
TNS   : 0.000

Type  : Slow 1200mV 100C Model Minimum Pulse Width 'altera_reserved_tck'
Slack : 49.517
TNS   : 0.000

Type  : Slow 1200mV 100C Model Minimum Pulse Width 'rx_pll_c|altpll_component|auto_generated|pll1|clk[1]'
Slack : 62.508
TNS   : 0.000

Type  : Slow 1200mV -40C Model Setup 'clk'
Slack : -1.681
TNS   : -298.278

Type  : Slow 1200mV -40C Model Setup 'rx_pll_c|altpll_component|auto_generated|pll1|clk[2]'
Slack : -0.761
TNS   : -0.761

Type  : Slow 1200mV -40C Model Setup 'rx_pll_c|altpll_component|auto_generated|pll1|clk[1]'
Slack : -0.303
TNS   : -0.303

Type  : Slow 1200mV -40C Model Setup 'rx_pll_c|altpll_component|auto_generated|pll1|clk[0]'
Slack : 0.039
TNS   : 0.000

Type  : Slow 1200mV -40C Model Setup 'altera_reserved_tck'
Slack : 43.160
TNS   : 0.000

Type  : Slow 1200mV -40C Model Hold 'clk'
Slack : 0.226
TNS   : 0.000

Type  : Slow 1200mV -40C Model Hold 'rx_pll_c|altpll_component|auto_generated|pll1|clk[0]'
Slack : 0.245
TNS   : 0.000

Type  : Slow 1200mV -40C Model Hold 'altera_reserved_tck'
Slack : 0.296
TNS   : 0.000

Type  : Slow 1200mV -40C Model Hold 'rx_pll_c|altpll_component|auto_generated|pll1|clk[1]'
Slack : 0.297
TNS   : 0.000

Type  : Slow 1200mV -40C Model Hold 'rx_pll_c|altpll_component|auto_generated|pll1|clk[2]'
Slack : 0.369
TNS   : 0.000

Type  : Slow 1200mV -40C Model Recovery 'altera_reserved_tck'
Slack : 48.204
TNS   : 0.000

Type  : Slow 1200mV -40C Model Removal 'altera_reserved_tck'
Slack : 1.004
TNS   : 0.000

Type  : Slow 1200mV -40C Model Minimum Pulse Width 'clk'
Slack : 4.600
TNS   : 0.000

Type  : Slow 1200mV -40C Model Minimum Pulse Width 'rx_pll_c|altpll_component|auto_generated|pll1|clk[2]'
Slack : 5.291
TNS   : 0.000

Type  : Slow 1200mV -40C Model Minimum Pulse Width 'rx_pll_c|altpll_component|auto_generated|pll1|clk[0]'
Slack : 19.668
TNS   : 0.000

Type  : Slow 1200mV -40C Model Minimum Pulse Width 'altera_reserved_tck'
Slack : 49.540
TNS   : 0.000

Type  : Slow 1200mV -40C Model Minimum Pulse Width 'rx_pll_c|altpll_component|auto_generated|pll1|clk[1]'
Slack : 62.512
TNS   : 0.000

Type  : Fast 1200mV -40C Model Setup 'clk'
Slack : -0.409
TNS   : -18.436

Type  : Fast 1200mV -40C Model Setup 'rx_pll_c|altpll_component|auto_generated|pll1|clk[2]'
Slack : 0.205
TNS   : 0.000

Type  : Fast 1200mV -40C Model Setup 'rx_pll_c|altpll_component|auto_generated|pll1|clk[1]'
Slack : 0.383
TNS   : 0.000

Type  : Fast 1200mV -40C Model Setup 'rx_pll_c|altpll_component|auto_generated|pll1|clk[0]'
Slack : 0.568
TNS   : 0.000

Type  : Fast 1200mV -40C Model Setup 'altera_reserved_tck'
Slack : 47.102
TNS   : 0.000

Type  : Fast 1200mV -40C Model Hold 'clk'
Slack : -0.091
TNS   : -0.102

Type  : Fast 1200mV -40C Model Hold 'rx_pll_c|altpll_component|auto_generated|pll1|clk[2]'
Slack : 0.012
TNS   : 0.000

Type  : Fast 1200mV -40C Model Hold 'rx_pll_c|altpll_component|auto_generated|pll1|clk[0]'
Slack : 0.046
TNS   : 0.000

Type  : Fast 1200mV -40C Model Hold 'rx_pll_c|altpll_component|auto_generated|pll1|clk[1]'
Slack : 0.107
TNS   : 0.000

Type  : Fast 1200mV -40C Model Hold 'altera_reserved_tck'
Slack : 0.144
TNS   : 0.000

Type  : Fast 1200mV -40C Model Recovery 'altera_reserved_tck'
Slack : 49.348
TNS   : 0.000

Type  : Fast 1200mV -40C Model Removal 'altera_reserved_tck'
Slack : 0.467
TNS   : 0.000

Type  : Fast 1200mV -40C Model Minimum Pulse Width 'clk'
Slack : 4.412
TNS   : 0.000

Type  : Fast 1200mV -40C Model Minimum Pulse Width 'rx_pll_c|altpll_component|auto_generated|pll1|clk[2]'
Slack : 5.338
TNS   : 0.000

Type  : Fast 1200mV -40C Model Minimum Pulse Width 'rx_pll_c|altpll_component|auto_generated|pll1|clk[0]'
Slack : 19.725
TNS   : 0.000

Type  : Fast 1200mV -40C Model Minimum Pulse Width 'altera_reserved_tck'
Slack : 49.396
TNS   : 0.000

Type  : Fast 1200mV -40C Model Minimum Pulse Width 'rx_pll_c|altpll_component|auto_generated|pll1|clk[1]'
Slack : 62.558
TNS   : 0.000

------------------------------------------------------------
