------------------------------------------------------------
TimeQuest Timing Analyzer Summary
------------------------------------------------------------

Type  : Slow 1100mV 85C Model Setup 'rx_pll_c|altpll_component|auto_generated|generic_pll4~PLL_OUTPUT_COUNTER|divclk'
Slack : -2.760
TNS   : -12.991

Type  : Slow 1100mV 85C Model Setup 'rx_pll_c|altpll_component|auto_generated|generic_pll1~PLL_OUTPUT_COUNTER|divclk'
Slack : 1.146
TNS   : 0.000

Type  : Slow 1100mV 85C Model Setup 'rx_pll_c|altpll_component|auto_generated|generic_pll2~PLL_OUTPUT_COUNTER|divclk'
Slack : 8.260
TNS   : 0.000

Type  : Slow 1100mV 85C Model Setup 'altera_reserved_tck'
Slack : 9.454
TNS   : 0.000

Type  : Slow 1100mV 85C Model Hold 'rx_pll_c|altpll_component|auto_generated|generic_pll4~PLL_OUTPUT_COUNTER|divclk'
Slack : -1.005
TNS   : -4.520

Type  : Slow 1100mV 85C Model Hold 'rx_pll_c|altpll_component|auto_generated|generic_pll1~PLL_OUTPUT_COUNTER|divclk'
Slack : 0.366
TNS   : 0.000

Type  : Slow 1100mV 85C Model Hold 'altera_reserved_tck'
Slack : 0.396
TNS   : 0.000

Type  : Slow 1100mV 85C Model Hold 'rx_pll_c|altpll_component|auto_generated|generic_pll2~PLL_OUTPUT_COUNTER|divclk'
Slack : 0.430
TNS   : 0.000

Type  : Slow 1100mV 85C Model Recovery 'altera_reserved_tck'
Slack : 14.477
TNS   : 0.000

Type  : Slow 1100mV 85C Model Removal 'altera_reserved_tck'
Slack : 0.746
TNS   : 0.000

Type  : Slow 1100mV 85C Model Minimum Pulse Width 'rx_pll_c|altpll_component|auto_generated|generic_pll1~FRACTIONAL_PLL|vcoph[0]'
Slack : 1.111
TNS   : 0.000

Type  : Slow 1100mV 85C Model Minimum Pulse Width 'rx_pll_c|altpll_component|auto_generated|generic_pll4~PLL_OUTPUT_COUNTER|divclk'
Slack : 4.324
TNS   : 0.000

Type  : Slow 1100mV 85C Model Minimum Pulse Width 'clk'
Slack : 9.900
TNS   : 0.000

Type  : Slow 1100mV 85C Model Minimum Pulse Width 'altera_reserved_tck'
Slack : 15.257
TNS   : 0.000

Type  : Slow 1100mV 85C Model Minimum Pulse Width 'rx_pll_c|altpll_component|auto_generated|generic_pll1~PLL_OUTPUT_COUNTER|divclk'
Slack : 18.768
TNS   : 0.000

Type  : Slow 1100mV 85C Model Minimum Pulse Width 'rx_pll_c|altpll_component|auto_generated|generic_pll2~PLL_OUTPUT_COUNTER|divclk'
Slack : 54.848
TNS   : 0.000

Type  : Slow 1100mV 0C Model Setup 'rx_pll_c|altpll_component|auto_generated|generic_pll4~PLL_OUTPUT_COUNTER|divclk'
Slack : -2.448
TNS   : -11.814

Type  : Slow 1100mV 0C Model Setup 'rx_pll_c|altpll_component|auto_generated|generic_pll1~PLL_OUTPUT_COUNTER|divclk'
Slack : 1.334
TNS   : 0.000

Type  : Slow 1100mV 0C Model Setup 'rx_pll_c|altpll_component|auto_generated|generic_pll2~PLL_OUTPUT_COUNTER|divclk'
Slack : 8.381
TNS   : 0.000

Type  : Slow 1100mV 0C Model Setup 'altera_reserved_tck'
Slack : 9.638
TNS   : 0.000

Type  : Slow 1100mV 0C Model Hold 'rx_pll_c|altpll_component|auto_generated|generic_pll4~PLL_OUTPUT_COUNTER|divclk'
Slack : -0.956
TNS   : -4.263

Type  : Slow 1100mV 0C Model Hold 'rx_pll_c|altpll_component|auto_generated|generic_pll1~PLL_OUTPUT_COUNTER|divclk'
Slack : 0.279
TNS   : 0.000

Type  : Slow 1100mV 0C Model Hold 'altera_reserved_tck'
Slack : 0.394
TNS   : 0.000

Type  : Slow 1100mV 0C Model Hold 'rx_pll_c|altpll_component|auto_generated|generic_pll2~PLL_OUTPUT_COUNTER|divclk'
Slack : 0.431
TNS   : 0.000

Type  : Slow 1100mV 0C Model Recovery 'altera_reserved_tck'
Slack : 14.606
TNS   : 0.000

Type  : Slow 1100mV 0C Model Removal 'altera_reserved_tck'
Slack : 0.727
TNS   : 0.000

Type  : Slow 1100mV 0C Model Minimum Pulse Width 'rx_pll_c|altpll_component|auto_generated|generic_pll1~FRACTIONAL_PLL|vcoph[0]'
Slack : 1.111
TNS   : 0.000

Type  : Slow 1100mV 0C Model Minimum Pulse Width 'rx_pll_c|altpll_component|auto_generated|generic_pll4~PLL_OUTPUT_COUNTER|divclk'
Slack : 4.284
TNS   : 0.000

Type  : Slow 1100mV 0C Model Minimum Pulse Width 'clk'
Slack : 9.926
TNS   : 0.000

Type  : Slow 1100mV 0C Model Minimum Pulse Width 'altera_reserved_tck'
Slack : 15.267
TNS   : 0.000

Type  : Slow 1100mV 0C Model Minimum Pulse Width 'rx_pll_c|altpll_component|auto_generated|generic_pll1~PLL_OUTPUT_COUNTER|divclk'
Slack : 18.729
TNS   : 0.000

Type  : Slow 1100mV 0C Model Minimum Pulse Width 'rx_pll_c|altpll_component|auto_generated|generic_pll2~PLL_OUTPUT_COUNTER|divclk'
Slack : 54.786
TNS   : 0.000

Type  : Fast 1100mV 85C Model Setup 'rx_pll_c|altpll_component|auto_generated|generic_pll4~PLL_OUTPUT_COUNTER|divclk'
Slack : -2.078
TNS   : -9.414

Type  : Fast 1100mV 85C Model Setup 'rx_pll_c|altpll_component|auto_generated|generic_pll1~PLL_OUTPUT_COUNTER|divclk'
Slack : 2.160
TNS   : 0.000

Type  : Fast 1100mV 85C Model Setup 'rx_pll_c|altpll_component|auto_generated|generic_pll2~PLL_OUTPUT_COUNTER|divclk'
Slack : 9.292
TNS   : 0.000

Type  : Fast 1100mV 85C Model Setup 'altera_reserved_tck'
Slack : 12.547
TNS   : 0.000

Type  : Fast 1100mV 85C Model Hold 'rx_pll_c|altpll_component|auto_generated|generic_pll4~PLL_OUTPUT_COUNTER|divclk'
Slack : -0.509
TNS   : -2.240

Type  : Fast 1100mV 85C Model Hold 'altera_reserved_tck'
Slack : 0.139
TNS   : 0.000

Type  : Fast 1100mV 85C Model Hold 'rx_pll_c|altpll_component|auto_generated|generic_pll1~PLL_OUTPUT_COUNTER|divclk'
Slack : 0.181
TNS   : 0.000

Type  : Fast 1100mV 85C Model Hold 'rx_pll_c|altpll_component|auto_generated|generic_pll2~PLL_OUTPUT_COUNTER|divclk'
Slack : 0.263
TNS   : 0.000

Type  : Fast 1100mV 85C Model Recovery 'altera_reserved_tck'
Slack : 15.538
TNS   : 0.000

Type  : Fast 1100mV 85C Model Removal 'altera_reserved_tck'
Slack : 0.370
TNS   : 0.000

Type  : Fast 1100mV 85C Model Minimum Pulse Width 'rx_pll_c|altpll_component|auto_generated|generic_pll1~FRACTIONAL_PLL|vcoph[0]'
Slack : 1.111
TNS   : 0.000

Type  : Fast 1100mV 85C Model Minimum Pulse Width 'rx_pll_c|altpll_component|auto_generated|generic_pll4~PLL_OUTPUT_COUNTER|divclk'
Slack : 4.443
TNS   : 0.000

Type  : Fast 1100mV 85C Model Minimum Pulse Width 'clk'
Slack : 9.643
TNS   : 0.000

Type  : Fast 1100mV 85C Model Minimum Pulse Width 'altera_reserved_tck'
Slack : 15.004
TNS   : 0.000

Type  : Fast 1100mV 85C Model Minimum Pulse Width 'rx_pll_c|altpll_component|auto_generated|generic_pll1~PLL_OUTPUT_COUNTER|divclk'
Slack : 18.885
TNS   : 0.000

Type  : Fast 1100mV 85C Model Minimum Pulse Width 'rx_pll_c|altpll_component|auto_generated|generic_pll2~PLL_OUTPUT_COUNTER|divclk'
Slack : 55.106
TNS   : 0.000

Type  : Fast 1100mV 0C Model Setup 'rx_pll_c|altpll_component|auto_generated|generic_pll4~PLL_OUTPUT_COUNTER|divclk'
Slack : -1.581
TNS   : -7.491

Type  : Fast 1100mV 0C Model Setup 'rx_pll_c|altpll_component|auto_generated|generic_pll1~PLL_OUTPUT_COUNTER|divclk'
Slack : 2.452
TNS   : 0.000

Type  : Fast 1100mV 0C Model Setup 'rx_pll_c|altpll_component|auto_generated|generic_pll2~PLL_OUTPUT_COUNTER|divclk'
Slack : 9.474
TNS   : 0.000

Type  : Fast 1100mV 0C Model Setup 'altera_reserved_tck'
Slack : 13.027
TNS   : 0.000

Type  : Fast 1100mV 0C Model Hold 'rx_pll_c|altpll_component|auto_generated|generic_pll4~PLL_OUTPUT_COUNTER|divclk'
Slack : -0.484
TNS   : -2.111

Type  : Fast 1100mV 0C Model Hold 'altera_reserved_tck'
Slack : 0.149
TNS   : 0.000

Type  : Fast 1100mV 0C Model Hold 'rx_pll_c|altpll_component|auto_generated|generic_pll1~PLL_OUTPUT_COUNTER|divclk'
Slack : 0.170
TNS   : 0.000

Type  : Fast 1100mV 0C Model Hold 'rx_pll_c|altpll_component|auto_generated|generic_pll2~PLL_OUTPUT_COUNTER|divclk'
Slack : 0.249
TNS   : 0.000

Type  : Fast 1100mV 0C Model Recovery 'altera_reserved_tck'
Slack : 15.689
TNS   : 0.000

Type  : Fast 1100mV 0C Model Removal 'altera_reserved_tck'
Slack : 0.333
TNS   : 0.000

Type  : Fast 1100mV 0C Model Minimum Pulse Width 'rx_pll_c|altpll_component|auto_generated|generic_pll1~FRACTIONAL_PLL|vcoph[0]'
Slack : 1.111
TNS   : 0.000

Type  : Fast 1100mV 0C Model Minimum Pulse Width 'rx_pll_c|altpll_component|auto_generated|generic_pll4~PLL_OUTPUT_COUNTER|divclk'
Slack : 4.444
TNS   : 0.000

Type  : Fast 1100mV 0C Model Minimum Pulse Width 'clk'
Slack : 9.632
TNS   : 0.000

Type  : Fast 1100mV 0C Model Minimum Pulse Width 'altera_reserved_tck'
Slack : 15.048
TNS   : 0.000

Type  : Fast 1100mV 0C Model Minimum Pulse Width 'rx_pll_c|altpll_component|auto_generated|generic_pll1~PLL_OUTPUT_COUNTER|divclk'
Slack : 18.888
TNS   : 0.000

Type  : Fast 1100mV 0C Model Minimum Pulse Width 'rx_pll_c|altpll_component|auto_generated|generic_pll2~PLL_OUTPUT_COUNTER|divclk'
Slack : 55.100
TNS   : 0.000

------------------------------------------------------------
